10:20:34 **** Incremental Build of configuration Debug for project LPTMR_PRATICA01_C_KL43Z ****
make -r -j4 all 
Building file: ../source/LPTMR_PRATICA01_C_KL43Z.c
Invoking: MCU C Compiler
arm-none-eabi-gcc -D__REDLIB__ -DCPU_MKL43Z256VLH4 -DCPU_MKL43Z256VLH4_cm0plus -DFSL_RTOS_BM -DSDK_OS_BAREMETAL -DSDK_DEBUGCONSOLE=1 -DCR_INTEGER_PRINTF -DPRINTF_FLOAT_ENABLE=0 -DSERIAL_PORT_TYPE_UART=1 -D__MCUXPRESSO -D__USE_CMSIS -DDEBUG -I"/home/anderson/setimo-semestre/micro/work/LPTMR_PRATICA01_C_KL43Z/board" -I"/home/anderson/setimo-semestre/micro/work/LPTMR_PRATICA01_C_KL43Z/source" -I"/home/anderson/setimo-semestre/micro/work/LPTMR_PRATICA01_C_KL43Z" -I"/home/anderson/setimo-semestre/micro/work/LPTMR_PRATICA01_C_KL43Z/drivers" -I"/home/anderson/setimo-semestre/micro/work/LPTMR_PRATICA01_C_KL43Z/component/uart" -I"/home/anderson/setimo-semestre/micro/work/LPTMR_PRATICA01_C_KL43Z/component/serial_manager" -I"/home/anderson/setimo-semestre/micro/work/LPTMR_PRATICA01_C_KL43Z/utilities" -I"/home/anderson/setimo-semestre/micro/work/LPTMR_PRATICA01_C_KL43Z/component/lists" -I"/home/anderson/setimo-semestre/micro/work/LPTMR_PRATICA01_C_KL43Z/device" -I"/home/anderson/setimo-semestre/micro/work/LPTMR_PRATICA01_C_KL43Z/CMSIS" -O0 -fno-common -g3 -Wall -c -ffunction-sections -fdata-sections -ffreestanding -fno-builtin -fmerge-constants -fmacro-prefix-map="../source/"= -mcpu=cortex-m0plus -mthumb -D__REDLIB__ -fstack-usage -specs=redlib.specs -MMD -MP -MF"source/LPTMR_PRATICA01_C_KL43Z.d" -MT"source/LPTMR_PRATICA01_C_KL43Z.o" -MT"source/LPTMR_PRATICA01_C_KL43Z.d" -o "source/LPTMR_PRATICA01_C_KL43Z.o" "../source/LPTMR_PRATICA01_C_KL43Z.c"
Finished building: ../source/LPTMR_PRATICA01_C_KL43Z.c
 
Building target: LPTMR_PRATICA01_C_KL43Z.axf
Invoking: MCU Linker
arm-none-eabi-gcc -nostdlib -Xlinker -Map="LPTMR_PRATICA01_C_KL43Z.map" -Xlinker --gc-sections -Xlinker -print-memory-usage -Xlinker --sort-section=alignment -Xlinker --cref -mcpu=cortex-m0plus -mthumb -T LPTMR_PRATICA01_C_KL43Z_Debug.ld -o "LPTMR_PRATICA01_C_KL43Z.axf"  ./utilities/fsl_debug_console.o ./utilities/fsl_str.o  ./startup/startup_mkl43z4.o  ./source/LPTMR_PRATICA01_C_KL43Z.o ./source/mtb.o ./source/semihost_hardfault.o  ./drivers/fsl_clock.o ./drivers/fsl_common.o ./drivers/fsl_gpio.o ./drivers/fsl_lpuart.o ./drivers/fsl_smc.o  ./device/system_MKL43Z4.o  ./component/uart/lpuart_adapter.o  ./component/serial_manager/serial_manager.o ./component/serial_manager/serial_port_uart.o  ./component/lists/generic_list.o  ./board/board.o ./board/clock_config.o ./board/peripherals.o ./board/pin_mux.o   
Memory region         Used Size  Region Size  %age Used
   PROGRAM_FLASH:        2920 B       256 KB      1.11%
            SRAM:        4424 B        32 KB     13.50%
Finished building target: LPTMR_PRATICA01_C_KL43Z.axf
 
Performing post-build steps
arm-none-eabi-size "LPTMR_PRATICA01_C_KL43Z.axf"; # arm-none-eabi-objcopy -v -O binary "LPTMR_PRATICA01_C_KL43Z.axf" "LPTMR_PRATICA01_C_KL43Z.bin" ; # checksum -p MKL43Z256xxx4 -d "LPTMR_PRATICA01_C_KL43Z.bin";
   text	   data	    bss	    dec	    hex	filename
   2916	      4	   4420	   7340	   1cac	LPTMR_PRATICA01_C_KL43Z.axf
 
10:20:51 **** Build of configuration Debug for project LPTMR_PRATICA01_C_KL43Z ****
make -r -j4 all 
make[1]: Nothing to be done for 'main-build'.
Performing post-build steps
arm-none-eabi-size "LPTMR_PRATICA01_C_KL43Z.axf"; # arm-none-eabi-objcopy -v -O binary "LPTMR_PRATICA01_C_KL43Z.axf" "LPTMR_PRATICA01_C_KL43Z.bin" ; # checksum -p MKL43Z256xxx4 -d "LPTMR_PRATICA01_C_KL43Z.bin";
   text	   data	    bss	    dec	    hex	filename
   2916	      4	   4420	   7340	   1cac	LPTMR_PRATICA01_C_KL43Z.axf
 
10:20:53 **** Incremental Build of configuration Debug for project LPTMR_PRATICA01_C_KL43Z ****
make -r -j4 all 
make[1]: Nothing to be done for 'main-build'.
Performing post-build steps
arm-none-eabi-size "LPTMR_PRATICA01_C_KL43Z.axf"; # arm-none-eabi-objcopy -v -O binary "LPTMR_PRATICA01_C_KL43Z.axf" "LPTMR_PRATICA01_C_KL43Z.bin" ; # checksum -p MKL43Z256xxx4 -d "LPTMR_PRATICA01_C_KL43Z.bin";
   text	   data	    bss	    dec	    hex	filename
   2916	      4	   4420	   7340	   1cac	LPTMR_PRATICA01_C_KL43Z.axf
 
10:22:53 **** Build of configuration Debug for project LPTMR_PRATICA01_C_KL43Z ****
make -r -j4 all 
Building file: ../source/LPTMR_PRATICA01_C_KL43Z.c
Invoking: MCU C Compiler
arm-none-eabi-gcc -D__REDLIB__ -DCPU_MKL43Z256VLH4 -DCPU_MKL43Z256VLH4_cm0plus -DFSL_RTOS_BM -DSDK_OS_BAREMETAL -DSDK_DEBUGCONSOLE=1 -DCR_INTEGER_PRINTF -DPRINTF_FLOAT_ENABLE=0 -DSERIAL_PORT_TYPE_UART=1 -D__MCUXPRESSO -D__USE_CMSIS -DDEBUG -I"/home/anderson/setimo-semestre/micro/work/LPTMR_PRATICA01_C_KL43Z/board" -I"/home/anderson/setimo-semestre/micro/work/LPTMR_PRATICA01_C_KL43Z/source" -I"/home/anderson/setimo-semestre/micro/work/LPTMR_PRATICA01_C_KL43Z" -I"/home/anderson/setimo-semestre/micro/work/LPTMR_PRATICA01_C_KL43Z/drivers" -I"/home/anderson/setimo-semestre/micro/work/LPTMR_PRATICA01_C_KL43Z/component/uart" -I"/home/anderson/setimo-semestre/micro/work/LPTMR_PRATICA01_C_KL43Z/component/serial_manager" -I"/home/anderson/setimo-semestre/micro/work/LPTMR_PRATICA01_C_KL43Z/utilities" -I"/home/anderson/setimo-semestre/micro/work/LPTMR_PRATICA01_C_KL43Z/component/lists" -I"/home/anderson/setimo-semestre/micro/work/LPTMR_PRATICA01_C_KL43Z/device" -I"/home/anderson/setimo-semestre/micro/work/LPTMR_PRATICA01_C_KL43Z/CMSIS" -O0 -fno-common -g3 -Wall -c -ffunction-sections -fdata-sections -ffreestanding -fno-builtin -fmerge-constants -fmacro-prefix-map="../source/"= -mcpu=cortex-m0plus -mthumb -D__REDLIB__ -fstack-usage -specs=redlib.specs -MMD -MP -MF"source/LPTMR_PRATICA01_C_KL43Z.d" -MT"source/LPTMR_PRATICA01_C_KL43Z.o" -MT"source/LPTMR_PRATICA01_C_KL43Z.d" -o "source/LPTMR_PRATICA01_C_KL43Z.o" "../source/LPTMR_PRATICA01_C_KL43Z.c"
Finished building: ../source/LPTMR_PRATICA01_C_KL43Z.c
 
Building target: LPTMR_PRATICA01_C_KL43Z.axf
Invoking: MCU Linker
arm-none-eabi-gcc -nostdlib -Xlinker -Map="LPTMR_PRATICA01_C_KL43Z.map" -Xlinker --gc-sections -Xlinker -print-memory-usage -Xlinker --sort-section=alignment -Xlinker --cref -mcpu=cortex-m0plus -mthumb -T LPTMR_PRATICA01_C_KL43Z_Debug.ld -o "LPTMR_PRATICA01_C_KL43Z.axf"  ./utilities/fsl_debug_console.o ./utilities/fsl_str.o  ./startup/startup_mkl43z4.o  ./source/LPTMR_PRATICA01_C_KL43Z.o ./source/mtb.o ./source/semihost_hardfault.o  ./drivers/fsl_clock.o ./drivers/fsl_common.o ./drivers/fsl_gpio.o ./drivers/fsl_lpuart.o ./drivers/fsl_smc.o  ./device/system_MKL43Z4.o  ./component/uart/lpuart_adapter.o  ./component/serial_manager/serial_manager.o ./component/serial_manager/serial_port_uart.o  ./component/lists/generic_list.o  ./board/board.o ./board/clock_config.o ./board/peripherals.o ./board/pin_mux.o   
Memory region         Used Size  Region Size  %age Used
   PROGRAM_FLASH:        2920 B       256 KB      1.11%
            SRAM:        4424 B        32 KB     13.50%
Finished building target: LPTMR_PRATICA01_C_KL43Z.axf
 
Performing post-build steps
arm-none-eabi-size "LPTMR_PRATICA01_C_KL43Z.axf"; # arm-none-eabi-objcopy -v -O binary "LPTMR_PRATICA01_C_KL43Z.axf" "LPTMR_PRATICA01_C_KL43Z.bin" ; # checksum -p MKL43Z256xxx4 -d "LPTMR_PRATICA01_C_KL43Z.bin";
   text	   data	    bss	    dec	    hex	filename
   2916	      4	   4420	   7340	   1cac	LPTMR_PRATICA01_C_KL43Z.axf
 
10:22:55 **** Incremental Build of configuration Debug for project LPTMR_PRATICA01_C_KL43Z ****
make -r -j4 all 
make[1]: Nothing to be done for 'main-build'.
Performing post-build steps
arm-none-eabi-size "LPTMR_PRATICA01_C_KL43Z.axf"; # arm-none-eabi-objcopy -v -O binary "LPTMR_PRATICA01_C_KL43Z.axf" "LPTMR_PRATICA01_C_KL43Z.bin" ; # checksum -p MKL43Z256xxx4 -d "LPTMR_PRATICA01_C_KL43Z.bin";
   text	   data	    bss	    dec	    hex	filename
   2916	      4	   4420	   7340	   1cac	LPTMR_PRATICA01_C_KL43Z.axf
 
10:25:36 **** Build of configuration Debug for project LPTMR_PRATICA01_C_KL43Z ****
make -r -j4 all 
Building file: ../source/LPTMR_PRATICA01_C_KL43Z.c
Invoking: MCU C Compiler
arm-none-eabi-gcc -D__REDLIB__ -DCPU_MKL43Z256VLH4 -DCPU_MKL43Z256VLH4_cm0plus -DFSL_RTOS_BM -DSDK_OS_BAREMETAL -DSDK_DEBUGCONSOLE=1 -DCR_INTEGER_PRINTF -DPRINTF_FLOAT_ENABLE=0 -DSERIAL_PORT_TYPE_UART=1 -D__MCUXPRESSO -D__USE_CMSIS -DDEBUG -I"/home/anderson/setimo-semestre/micro/work/LPTMR_PRATICA01_C_KL43Z/board" -I"/home/anderson/setimo-semestre/micro/work/LPTMR_PRATICA01_C_KL43Z/source" -I"/home/anderson/setimo-semestre/micro/work/LPTMR_PRATICA01_C_KL43Z" -I"/home/anderson/setimo-semestre/micro/work/LPTMR_PRATICA01_C_KL43Z/drivers" -I"/home/anderson/setimo-semestre/micro/work/LPTMR_PRATICA01_C_KL43Z/component/uart" -I"/home/anderson/setimo-semestre/micro/work/LPTMR_PRATICA01_C_KL43Z/component/serial_manager" -I"/home/anderson/setimo-semestre/micro/work/LPTMR_PRATICA01_C_KL43Z/utilities" -I"/home/anderson/setimo-semestre/micro/work/LPTMR_PRATICA01_C_KL43Z/component/lists" -I"/home/anderson/setimo-semestre/micro/work/LPTMR_PRATICA01_C_KL43Z/device" -I"/home/anderson/setimo-semestre/micro/work/LPTMR_PRATICA01_C_KL43Z/CMSIS" -O0 -fno-common -g3 -Wall -c -ffunction-sections -fdata-sections -ffreestanding -fno-builtin -fmerge-constants -fmacro-prefix-map="../source/"= -mcpu=cortex-m0plus -mthumb -D__REDLIB__ -fstack-usage -specs=redlib.specs -MMD -MP -MF"source/LPTMR_PRATICA01_C_KL43Z.d" -MT"source/LPTMR_PRATICA01_C_KL43Z.o" -MT"source/LPTMR_PRATICA01_C_KL43Z.d" -o "source/LPTMR_PRATICA01_C_KL43Z.o" "../source/LPTMR_PRATICA01_C_KL43Z.c"
Finished building: ../source/LPTMR_PRATICA01_C_KL43Z.c
 
Building target: LPTMR_PRATICA01_C_KL43Z.axf
Invoking: MCU Linker
arm-none-eabi-gcc -nostdlib -Xlinker -Map="LPTMR_PRATICA01_C_KL43Z.map" -Xlinker --gc-sections -Xlinker -print-memory-usage -Xlinker --sort-section=alignment -Xlinker --cref -mcpu=cortex-m0plus -mthumb -T LPTMR_PRATICA01_C_KL43Z_Debug.ld -o "LPTMR_PRATICA01_C_KL43Z.axf"  ./utilities/fsl_debug_console.o ./utilities/fsl_str.o  ./startup/startup_mkl43z4.o  ./source/LPTMR_PRATICA01_C_KL43Z.o ./source/mtb.o ./source/semihost_hardfault.o  ./drivers/fsl_clock.o ./drivers/fsl_common.o ./drivers/fsl_gpio.o ./drivers/fsl_lpuart.o ./drivers/fsl_smc.o  ./device/system_MKL43Z4.o  ./component/uart/lpuart_adapter.o  ./component/serial_manager/serial_manager.o ./component/serial_manager/serial_port_uart.o  ./component/lists/generic_list.o  ./board/board.o ./board/clock_config.o ./board/peripherals.o ./board/pin_mux.o   
Memory region         Used Size  Region Size  %age Used
   PROGRAM_FLASH:        2920 B       256 KB      1.11%
            SRAM:        4424 B        32 KB     13.50%
Finished building target: LPTMR_PRATICA01_C_KL43Z.axf
 
Performing post-build steps
arm-none-eabi-size "LPTMR_PRATICA01_C_KL43Z.axf"; # arm-none-eabi-objcopy -v -O binary "LPTMR_PRATICA01_C_KL43Z.axf" "LPTMR_PRATICA01_C_KL43Z.bin" ; # checksum -p MKL43Z256xxx4 -d "LPTMR_PRATICA01_C_KL43Z.bin";
   text	   data	    bss	    dec	    hex	filename
   2916	      4	   4420	   7340	   1cac	LPTMR_PRATICA01_C_KL43Z.axf
 
10:25:38 **** Incremental Build of configuration Debug for project LPTMR_PRATICA01_C_KL43Z ****
make -r -j4 all 
make[1]: Nothing to be done for 'main-build'.
Performing post-build steps
arm-none-eabi-size "LPTMR_PRATICA01_C_KL43Z.axf"; # arm-none-eabi-objcopy -v -O binary "LPTMR_PRATICA01_C_KL43Z.axf" "LPTMR_PRATICA01_C_KL43Z.bin" ; # checksum -p MKL43Z256xxx4 -d "LPTMR_PRATICA01_C_KL43Z.bin";
   text	   data	    bss	    dec	    hex	filename
   2916	      4	   4420	   7340	   1cac	LPTMR_PRATICA01_C_KL43Z.axf
 
10:26:51 **** Incremental Build of configuration Debug for project LPTMR_PRATICA01_C_KL43Z ****
make -r -j4 all 
Building file: ../source/LPTMR_PRATICA01_C_KL43Z.c
Invoking: MCU C Compiler
arm-none-eabi-gcc -D__REDLIB__ -DCPU_MKL43Z256VLH4 -DCPU_MKL43Z256VLH4_cm0plus -DFSL_RTOS_BM -DSDK_OS_BAREMETAL -DSDK_DEBUGCONSOLE=1 -DCR_INTEGER_PRINTF -DPRINTF_FLOAT_ENABLE=0 -DSERIAL_PORT_TYPE_UART=1 -D__MCUXPRESSO -D__USE_CMSIS -DDEBUG -I"/home/anderson/setimo-semestre/micro/work/LPTMR_PRATICA01_C_KL43Z/board" -I"/home/anderson/setimo-semestre/micro/work/LPTMR_PRATICA01_C_KL43Z/source" -I"/home/anderson/setimo-semestre/micro/work/LPTMR_PRATICA01_C_KL43Z" -I"/home/anderson/setimo-semestre/micro/work/LPTMR_PRATICA01_C_KL43Z/drivers" -I"/home/anderson/setimo-semestre/micro/work/LPTMR_PRATICA01_C_KL43Z/component/uart" -I"/home/anderson/setimo-semestre/micro/work/LPTMR_PRATICA01_C_KL43Z/component/serial_manager" -I"/home/anderson/setimo-semestre/micro/work/LPTMR_PRATICA01_C_KL43Z/utilities" -I"/home/anderson/setimo-semestre/micro/work/LPTMR_PRATICA01_C_KL43Z/component/lists" -I"/home/anderson/setimo-semestre/micro/work/LPTMR_PRATICA01_C_KL43Z/device" -I"/home/anderson/setimo-semestre/micro/work/LPTMR_PRATICA01_C_KL43Z/CMSIS" -O0 -fno-common -g3 -Wall -c -ffunction-sections -fdata-sections -ffreestanding -fno-builtin -fmerge-constants -fmacro-prefix-map="../source/"= -mcpu=cortex-m0plus -mthumb -D__REDLIB__ -fstack-usage -specs=redlib.specs -MMD -MP -MF"source/LPTMR_PRATICA01_C_KL43Z.d" -MT"source/LPTMR_PRATICA01_C_KL43Z.o" -MT"source/LPTMR_PRATICA01_C_KL43Z.d" -o "source/LPTMR_PRATICA01_C_KL43Z.o" "../source/LPTMR_PRATICA01_C_KL43Z.c"
Finished building: ../source/LPTMR_PRATICA01_C_KL43Z.c
 
Building target: LPTMR_PRATICA01_C_KL43Z.axf
Invoking: MCU Linker
arm-none-eabi-gcc -nostdlib -Xlinker -Map="LPTMR_PRATICA01_C_KL43Z.map" -Xlinker --gc-sections -Xlinker -print-memory-usage -Xlinker --sort-section=alignment -Xlinker --cref -mcpu=cortex-m0plus -mthumb -T LPTMR_PRATICA01_C_KL43Z_Debug.ld -o "LPTMR_PRATICA01_C_KL43Z.axf"  ./utilities/fsl_debug_console.o ./utilities/fsl_str.o  ./startup/startup_mkl43z4.o  ./source/LPTMR_PRATICA01_C_KL43Z.o ./source/mtb.o ./source/semihost_hardfault.o  ./drivers/fsl_clock.o ./drivers/fsl_common.o ./drivers/fsl_gpio.o ./drivers/fsl_lpuart.o ./drivers/fsl_smc.o  ./device/system_MKL43Z4.o  ./component/uart/lpuart_adapter.o  ./component/serial_manager/serial_manager.o ./component/serial_manager/serial_port_uart.o  ./component/lists/generic_list.o  ./board/board.o ./board/clock_config.o ./board/peripherals.o ./board/pin_mux.o   
Memory region         Used Size  Region Size  %age Used
   PROGRAM_FLASH:        2920 B       256 KB      1.11%
            SRAM:        4424 B        32 KB     13.50%
Finished building target: LPTMR_PRATICA01_C_KL43Z.axf
 
Performing post-build steps
arm-none-eabi-size "LPTMR_PRATICA01_C_KL43Z.axf"; # arm-none-eabi-objcopy -v -O binary "LPTMR_PRATICA01_C_KL43Z.axf" "LPTMR_PRATICA01_C_KL43Z.bin" ; # checksum -p MKL43Z256xxx4 -d "LPTMR_PRATICA01_C_KL43Z.bin";
   text	   data	    bss	    dec	    hex	filename
   2916	      4	   4420	   7340	   1cac	LPTMR_PRATICA01_C_KL43Z.axf
 
09:49:26 **** Build of configuration Debug for project LPTMR_PRATICA01_B_KL43Z ****
make -r -j4 all 
Building file: ../source/LPTMR_PRATICA01_B_KL43Z.c
Invoking: MCU C Compiler
arm-none-eabi-gcc -D__REDLIB__ -DCPU_MKL43Z256VLH4 -DCPU_MKL43Z256VLH4_cm0plus -DFSL_RTOS_BM -DSDK_OS_BAREMETAL -DSDK_DEBUGCONSOLE=1 -DCR_INTEGER_PRINTF -DPRINTF_FLOAT_ENABLE=0 -DSERIAL_PORT_TYPE_UART=1 -D__MCUXPRESSO -D__USE_CMSIS -DDEBUG -I"/home/anderson/setimo-semestre/micro/work/LPTMR_PRATICA01_B_KL43Z/board" -I"/home/anderson/setimo-semestre/micro/work/LPTMR_PRATICA01_B_KL43Z/source" -I"/home/anderson/setimo-semestre/micro/work/LPTMR_PRATICA01_B_KL43Z" -I"/home/anderson/setimo-semestre/micro/work/LPTMR_PRATICA01_B_KL43Z/drivers" -I"/home/anderson/setimo-semestre/micro/work/LPTMR_PRATICA01_B_KL43Z/component/uart" -I"/home/anderson/setimo-semestre/micro/work/LPTMR_PRATICA01_B_KL43Z/component/serial_manager" -I"/home/anderson/setimo-semestre/micro/work/LPTMR_PRATICA01_B_KL43Z/utilities" -I"/home/anderson/setimo-semestre/micro/work/LPTMR_PRATICA01_B_KL43Z/component/lists" -I"/home/anderson/setimo-semestre/micro/work/LPTMR_PRATICA01_B_KL43Z/device" -I"/home/anderson/setimo-semestre/micro/work/LPTMR_PRATICA01_B_KL43Z/CMSIS" -O0 -fno-common -g3 -Wall -c -ffunction-sections -fdata-sections -ffreestanding -fno-builtin -fmerge-constants -fmacro-prefix-map="../source/"= -mcpu=cortex-m0plus -mthumb -D__REDLIB__ -fstack-usage -specs=redlib.specs -MMD -MP -MF"source/LPTMR_PRATICA01_B_KL43Z.d" -MT"source/LPTMR_PRATICA01_B_KL43Z.o" -MT"source/LPTMR_PRATICA01_B_KL43Z.d" -o "source/LPTMR_PRATICA01_B_KL43Z.o" "../source/LPTMR_PRATICA01_B_KL43Z.c"
Finished building: ../source/LPTMR_PRATICA01_B_KL43Z.c
 
Building target: LPTMR_PRATICA01_B_KL43Z.axf
Invoking: MCU Linker
arm-none-eabi-gcc -nostdlib -Xlinker -Map="LPTMR_PRATICA01_B_KL43Z.map" -Xlinker --gc-sections -Xlinker -print-memory-usage -Xlinker --sort-section=alignment -Xlinker --cref -mcpu=cortex-m0plus -mthumb -T LPTMR_PRATICA01_B_KL43Z_Debug.ld -o "LPTMR_PRATICA01_B_KL43Z.axf"  ./utilities/fsl_debug_console.o ./utilities/fsl_str.o  ./startup/startup_mkl43z4.o  ./source/LPTMR_PRATICA01_B_KL43Z.o ./source/mtb.o ./source/semihost_hardfault.o  ./drivers/fsl_clock.o ./drivers/fsl_common.o ./drivers/fsl_gpio.o ./drivers/fsl_lpuart.o ./drivers/fsl_smc.o  ./device/system_MKL43Z4.o  ./component/uart/lpuart_adapter.o  ./component/serial_manager/serial_manager.o ./component/serial_manager/serial_port_uart.o  ./component/lists/generic_list.o  ./board/board.o ./board/clock_config.o ./board/peripherals.o ./board/pin_mux.o   
Memory region         Used Size  Region Size  %age Used
   PROGRAM_FLASH:        2776 B       256 KB      1.06%
            SRAM:        4420 B        32 KB     13.49%
Finished building target: LPTMR_PRATICA01_B_KL43Z.axf
 
Performing post-build steps
arm-none-eabi-size "LPTMR_PRATICA01_B_KL43Z.axf"; # arm-none-eabi-objcopy -v -O binary "LPTMR_PRATICA01_B_KL43Z.axf" "LPTMR_PRATICA01_B_KL43Z.bin" ; # checksum -p MKL43Z256xxx4 -d "LPTMR_PRATICA01_B_KL43Z.bin";
   text	   data	    bss	    dec	    hex	filename
   2776	      0	   4420	   7196	   1c1c	LPTMR_PRATICA01_B_KL43Z.axf
 
09:49:30 **** Incremental Build of configuration Debug for project LPTMR_PRATICA01_B_KL43Z ****
make -r -j4 all 
make[1]: Nothing to be done for 'main-build'.
Performing post-build steps
arm-none-eabi-size "LPTMR_PRATICA01_B_KL43Z.axf"; # arm-none-eabi-objcopy -v -O binary "LPTMR_PRATICA01_B_KL43Z.axf" "LPTMR_PRATICA01_B_KL43Z.bin" ; # checksum -p MKL43Z256xxx4 -d "LPTMR_PRATICA01_B_KL43Z.bin";
   text	   data	    bss	    dec	    hex	filename
   2776	      0	   4420	   7196	   1c1c	LPTMR_PRATICA01_B_KL43Z.axf
 
09:54:37 **** Build of configuration Debug for project LPTMR_PRATICA01_B_KL43Z ****
make -r -j4 all 
Building file: ../source/LPTMR_PRATICA01_B_KL43Z.c
Invoking: MCU C Compiler
arm-none-eabi-gcc -D__REDLIB__ -DCPU_MKL43Z256VLH4 -DCPU_MKL43Z256VLH4_cm0plus -DFSL_RTOS_BM -DSDK_OS_BAREMETAL -DSDK_DEBUGCONSOLE=1 -DCR_INTEGER_PRINTF -DPRINTF_FLOAT_ENABLE=0 -DSERIAL_PORT_TYPE_UART=1 -D__MCUXPRESSO -D__USE_CMSIS -DDEBUG -I"/home/anderson/setimo-semestre/micro/work/LPTMR_PRATICA01_B_KL43Z/board" -I"/home/anderson/setimo-semestre/micro/work/LPTMR_PRATICA01_B_KL43Z/source" -I"/home/anderson/setimo-semestre/micro/work/LPTMR_PRATICA01_B_KL43Z" -I"/home/anderson/setimo-semestre/micro/work/LPTMR_PRATICA01_B_KL43Z/drivers" -I"/home/anderson/setimo-semestre/micro/work/LPTMR_PRATICA01_B_KL43Z/component/uart" -I"/home/anderson/setimo-semestre/micro/work/LPTMR_PRATICA01_B_KL43Z/component/serial_manager" -I"/home/anderson/setimo-semestre/micro/work/LPTMR_PRATICA01_B_KL43Z/utilities" -I"/home/anderson/setimo-semestre/micro/work/LPTMR_PRATICA01_B_KL43Z/component/lists" -I"/home/anderson/setimo-semestre/micro/work/LPTMR_PRATICA01_B_KL43Z/device" -I"/home/anderson/setimo-semestre/micro/work/LPTMR_PRATICA01_B_KL43Z/CMSIS" -O0 -fno-common -g3 -Wall -c -ffunction-sections -fdata-sections -ffreestanding -fno-builtin -fmerge-constants -fmacro-prefix-map="../source/"= -mcpu=cortex-m0plus -mthumb -D__REDLIB__ -fstack-usage -specs=redlib.specs -MMD -MP -MF"source/LPTMR_PRATICA01_B_KL43Z.d" -MT"source/LPTMR_PRATICA01_B_KL43Z.o" -MT"source/LPTMR_PRATICA01_B_KL43Z.d" -o "source/LPTMR_PRATICA01_B_KL43Z.o" "../source/LPTMR_PRATICA01_B_KL43Z.c"
Finished building: ../source/LPTMR_PRATICA01_B_KL43Z.c
 
Building target: LPTMR_PRATICA01_B_KL43Z.axf
Invoking: MCU Linker
arm-none-eabi-gcc -nostdlib -Xlinker -Map="LPTMR_PRATICA01_B_KL43Z.map" -Xlinker --gc-sections -Xlinker -print-memory-usage -Xlinker --sort-section=alignment -Xlinker --cref -mcpu=cortex-m0plus -mthumb -T LPTMR_PRATICA01_B_KL43Z_Debug.ld -o "LPTMR_PRATICA01_B_KL43Z.axf"  ./utilities/fsl_debug_console.o ./utilities/fsl_str.o  ./startup/startup_mkl43z4.o  ./source/LPTMR_PRATICA01_B_KL43Z.o ./source/mtb.o ./source/semihost_hardfault.o  ./drivers/fsl_clock.o ./drivers/fsl_common.o ./drivers/fsl_gpio.o ./drivers/fsl_lpuart.o ./drivers/fsl_smc.o  ./device/system_MKL43Z4.o  ./component/uart/lpuart_adapter.o  ./component/serial_manager/serial_manager.o ./component/serial_manager/serial_port_uart.o  ./component/lists/generic_list.o  ./board/board.o ./board/clock_config.o ./board/peripherals.o ./board/pin_mux.o   
Memory region         Used Size  Region Size  %age Used
   PROGRAM_FLASH:        2764 B       256 KB      1.05%
            SRAM:        4420 B        32 KB     13.49%
Finished building target: LPTMR_PRATICA01_B_KL43Z.axf
 
Performing post-build steps
arm-none-eabi-size "LPTMR_PRATICA01_B_KL43Z.axf"; # arm-none-eabi-objcopy -v -O binary "LPTMR_PRATICA01_B_KL43Z.axf" "LPTMR_PRATICA01_B_KL43Z.bin" ; # checksum -p MKL43Z256xxx4 -d "LPTMR_PRATICA01_B_KL43Z.bin";
   text	   data	    bss	    dec	    hex	filename
   2764	      0	   4420	   7184	   1c10	LPTMR_PRATICA01_B_KL43Z.axf
 
09:54:39 **** Incremental Build of configuration Debug for project LPTMR_PRATICA01_B_KL43Z ****
make -r -j4 all 
make[1]: Nothing to be done for 'main-build'.
Performing post-build steps
arm-none-eabi-size "LPTMR_PRATICA01_B_KL43Z.axf"; # arm-none-eabi-objcopy -v -O binary "LPTMR_PRATICA01_B_KL43Z.axf" "LPTMR_PRATICA01_B_KL43Z.bin" ; # checksum -p MKL43Z256xxx4 -d "LPTMR_PRATICA01_B_KL43Z.bin";
   text	   data	    bss	    dec	    hex	filename
   2764	      0	   4420	   7184	   1c10	LPTMR_PRATICA01_B_KL43Z.axf
 
10:16:38 **** Build of configuration Debug for project LPTMR_PRATICA01_C_KL43Z ****
make -r -j4 all 
Building file: ../source/LPTMR_PRATICA01_C_KL43Z.c
Invoking: MCU C Compiler
arm-none-eabi-gcc -D__REDLIB__ -DCPU_MKL43Z256VLH4 -DCPU_MKL43Z256VLH4_cm0plus -DFSL_RTOS_BM -DSDK_OS_BAREMETAL -DSDK_DEBUGCONSOLE=1 -DCR_INTEGER_PRINTF -DPRINTF_FLOAT_ENABLE=0 -DSERIAL_PORT_TYPE_UART=1 -D__MCUXPRESSO -D__USE_CMSIS -DDEBUG -I"/home/anderson/setimo-semestre/micro/work/LPTMR_PRATICA01_C_KL43Z/board" -I"/home/anderson/setimo-semestre/micro/work/LPTMR_PRATICA01_C_KL43Z/source" -I"/home/anderson/setimo-semestre/micro/work/LPTMR_PRATICA01_C_KL43Z" -I"/home/anderson/setimo-semestre/micro/work/LPTMR_PRATICA01_C_KL43Z/drivers" -I"/home/anderson/setimo-semestre/micro/work/LPTMR_PRATICA01_C_KL43Z/component/uart" -I"/home/anderson/setimo-semestre/micro/work/LPTMR_PRATICA01_C_KL43Z/component/serial_manager" -I"/home/anderson/setimo-semestre/micro/work/LPTMR_PRATICA01_C_KL43Z/utilities" -I"/home/anderson/setimo-semestre/micro/work/LPTMR_PRATICA01_C_KL43Z/component/lists" -I"/home/anderson/setimo-semestre/micro/work/LPTMR_PRATICA01_C_KL43Z/device" -I"/home/anderson/setimo-semestre/micro/work/LPTMR_PRATICA01_C_KL43Z/CMSIS" -O0 -fno-common -g3 -Wall -c -ffunction-sections -fdata-sections -ffreestanding -fno-builtin -fmerge-constants -fmacro-prefix-map="../source/"= -mcpu=cortex-m0plus -mthumb -D__REDLIB__ -fstack-usage -specs=redlib.specs -MMD -MP -MF"source/LPTMR_PRATICA01_C_KL43Z.d" -MT"source/LPTMR_PRATICA01_C_KL43Z.o" -MT"source/LPTMR_PRATICA01_C_KL43Z.d" -o "source/LPTMR_PRATICA01_C_KL43Z.o" "../source/LPTMR_PRATICA01_C_KL43Z.c"
Finished building: ../source/LPTMR_PRATICA01_C_KL43Z.c
 
Building target: LPTMR_PRATICA01_C_KL43Z.axf
Invoking: MCU Linker
arm-none-eabi-gcc -nostdlib -Xlinker -Map="LPTMR_PRATICA01_C_KL43Z.map" -Xlinker --gc-sections -Xlinker -print-memory-usage -Xlinker --sort-section=alignment -Xlinker --cref -mcpu=cortex-m0plus -mthumb -T LPTMR_PRATICA01_C_KL43Z_Debug.ld -o "LPTMR_PRATICA01_C_KL43Z.axf"  ./utilities/fsl_debug_console.o ./utilities/fsl_str.o  ./startup/startup_mkl43z4.o  ./source/LPTMR_PRATICA01_C_KL43Z.o ./source/mtb.o ./source/semihost_hardfault.o  ./drivers/fsl_clock.o ./drivers/fsl_common.o ./drivers/fsl_gpio.o ./drivers/fsl_lpuart.o ./drivers/fsl_smc.o  ./device/system_MKL43Z4.o  ./component/uart/lpuart_adapter.o  ./component/serial_manager/serial_manager.o ./component/serial_manager/serial_port_uart.o  ./component/lists/generic_list.o  ./board/board.o ./board/clock_config.o ./board/peripherals.o ./board/pin_mux.o   
Memory region         Used Size  Region Size  %age Used
   PROGRAM_FLASH:        2920 B       256 KB      1.11%
            SRAM:        4424 B        32 KB     13.50%
Finished building target: LPTMR_PRATICA01_C_KL43Z.axf
 
Performing post-build steps
arm-none-eabi-size "LPTMR_PRATICA01_C_KL43Z.axf"; # arm-none-eabi-objcopy -v -O binary "LPTMR_PRATICA01_C_KL43Z.axf" "LPTMR_PRATICA01_C_KL43Z.bin" ; # checksum -p MKL43Z256xxx4 -d "LPTMR_PRATICA01_C_KL43Z.bin";
   text	   data	    bss	    dec	    hex	filename
   2916	      4	   4420	   7340	   1cac	LPTMR_PRATICA01_C_KL43Z.axf
 
10:16:48 **** Incremental Build of configuration Debug for project LPTMR_PRATICA01_C_KL43Z ****
make -r -j4 all 
make[1]: Nothing to be done for 'main-build'.
Performing post-build steps
arm-none-eabi-size "LPTMR_PRATICA01_C_KL43Z.axf"; # arm-none-eabi-objcopy -v -O binary "LPTMR_PRATICA01_C_KL43Z.axf" "LPTMR_PRATICA01_C_KL43Z.bin" ; # checksum -p MKL43Z256xxx4 -d "LPTMR_PRATICA01_C_KL43Z.bin";
   text	   data	    bss	    dec	    hex	filename
   2916	      4	   4420	   7340	   1cac	LPTMR_PRATICA01_C_KL43Z.axf
 
11:46:04 **** Build of configuration Debug for project DUTY_CYCLE_PWM ****
make -r -j4 all 
Building file: ../utilities/fsl_debug_console.c
Building file: ../startup/startup_mkl25z4.c
Invoking: MCU C Compiler
arm-none-eabi-gcc -D__REDLIB__ -DCPU_MKL25Z128VLK4_cm0plus -DCPU_MKL25Z128VLK4 -DSDK_OS_BAREMETAL -DFSL_RTOS_BM -DSDK_DEBUGCONSOLE=1 -DCR_INTEGER_PRINTF -DPRINTF_FLOAT_ENABLE=0 -D__MCUXPRESSO -D__USE_CMSIS -DDEBUG -I"/home/anderson/setimo-semestre/micro/work/DUTY_CYCLE_PWM/board" -I"/home/anderson/setimo-semestre/micro/work/DUTY_CYCLE_PWM/source" -I"/home/anderson/setimo-semestre/micro/work/DUTY_CYCLE_PWM" -I"/home/anderson/setimo-semestre/micro/work/DUTY_CYCLE_PWM/startup" -I"/home/anderson/setimo-semestre/micro/work/DUTY_CYCLE_PWM/CMSIS" -I"/home/anderson/setimo-semestre/micro/work/DUTY_CYCLE_PWM/drivers" -I"/home/anderson/setimo-semestre/micro/work/DUTY_CYCLE_PWM/utilities" -O0 -fno-common -g3 -Wall -c -fmessage-length=0 -fno-builtin -ffunction-sections -fdata-sections -fmerge-constants -fmacro-prefix-map="../utilities/"= -mcpu=cortex-m0plus -mthumb -D__REDLIB__ -fstack-usage -specs=redlib.specs -MMD -MP -MF"utilities/fsl_debug_console.d" -MT"utilities/fsl_debug_console.o" -MT"utilities/fsl_debug_console.d" -o "utilities/fsl_debug_console.o" "../utilities/fsl_debug_console.c"
Invoking: MCU C Compiler
arm-none-eabi-gcc -D__REDLIB__ -DCPU_MKL25Z128VLK4_cm0plus -DCPU_MKL25Z128VLK4 -DSDK_OS_BAREMETAL -DFSL_RTOS_BM -DSDK_DEBUGCONSOLE=1 -DCR_INTEGER_PRINTF -DPRINTF_FLOAT_ENABLE=0 -D__MCUXPRESSO -D__USE_CMSIS -DDEBUG -I"/home/anderson/setimo-semestre/micro/work/DUTY_CYCLE_PWM/board" -I"/home/anderson/setimo-semestre/micro/work/DUTY_CYCLE_PWM/source" -I"/home/anderson/setimo-semestre/micro/work/DUTY_CYCLE_PWM" -I"/home/anderson/setimo-semestre/micro/work/DUTY_CYCLE_PWM/startup" -I"/home/anderson/setimo-semestre/micro/work/DUTY_CYCLE_PWM/CMSIS" -I"/home/anderson/setimo-semestre/micro/work/DUTY_CYCLE_PWM/drivers" -I"/home/anderson/setimo-semestre/micro/work/DUTY_CYCLE_PWM/utilities" -O0 -fno-common -g3 -Wall -c -fmessage-length=0 -fno-builtin -ffunction-sections -fdata-sections -fmerge-constants -fmacro-prefix-map="../startup/"= -mcpu=cortex-m0plus -mthumb -D__REDLIB__ -fstack-usage -specs=redlib.specs -MMD -MP -MF"startup/startup_mkl25z4.d" -MT"startup/startup_mkl25z4.o" -MT"startup/startup_mkl25z4.d" -o "startup/startup_mkl25z4.o" "../startup/startup_mkl25z4.c"
Building file: ../source/DUTY_CYCLE_PWM.c
Building file: ../source/mtb.c
Invoking: MCU C Compiler
Invoking: MCU C Compiler
arm-none-eabi-gcc -D__REDLIB__ -DCPU_MKL25Z128VLK4_cm0plus -DCPU_MKL25Z128VLK4 -DSDK_OS_BAREMETAL -DFSL_RTOS_BM -DSDK_DEBUGCONSOLE=1 -DCR_INTEGER_PRINTF -DPRINTF_FLOAT_ENABLE=0 -D__MCUXPRESSO -D__USE_CMSIS -DDEBUG -I"/home/anderson/setimo-semestre/micro/work/DUTY_CYCLE_PWM/board" -I"/home/anderson/setimo-semestre/micro/work/DUTY_CYCLE_PWM/source" -I"/home/anderson/setimo-semestre/micro/work/DUTY_CYCLE_PWM" -I"/home/anderson/setimo-semestre/micro/work/DUTY_CYCLE_PWM/startup" -I"/home/anderson/setimo-semestre/micro/work/DUTY_CYCLE_PWM/CMSIS" -I"/home/anderson/setimo-semestre/micro/work/DUTY_CYCLE_PWM/drivers" -I"/home/anderson/setimo-semestre/micro/work/DUTY_CYCLE_PWM/utilities" -O0 -fno-common -g3 -Wall -c -fmessage-length=0 -fno-builtin -ffunction-sections -fdata-sections -fmerge-constants -fmacro-prefix-map="../source/"= -mcpu=cortex-m0plus -mthumb -D__REDLIB__ -fstack-usage -specs=redlib.specs -MMD -MP -MF"source/DUTY_CYCLE_PWM.d" -MT"source/DUTY_CYCLE_PWM.o" -MT"source/DUTY_CYCLE_PWM.d" -o "source/DUTY_CYCLE_PWM.o" "../source/DUTY_CYCLE_PWM.c"
arm-none-eabi-gcc -D__REDLIB__ -DCPU_MKL25Z128VLK4_cm0plus -DCPU_MKL25Z128VLK4 -DSDK_OS_BAREMETAL -DFSL_RTOS_BM -DSDK_DEBUGCONSOLE=1 -DCR_INTEGER_PRINTF -DPRINTF_FLOAT_ENABLE=0 -D__MCUXPRESSO -D__USE_CMSIS -DDEBUG -I"/home/anderson/setimo-semestre/micro/work/DUTY_CYCLE_PWM/board" -I"/home/anderson/setimo-semestre/micro/work/DUTY_CYCLE_PWM/source" -I"/home/anderson/setimo-semestre/micro/work/DUTY_CYCLE_PWM" -I"/home/anderson/setimo-semestre/micro/work/DUTY_CYCLE_PWM/startup" -I"/home/anderson/setimo-semestre/micro/work/DUTY_CYCLE_PWM/CMSIS" -I"/home/anderson/setimo-semestre/micro/work/DUTY_CYCLE_PWM/drivers" -I"/home/anderson/setimo-semestre/micro/work/DUTY_CYCLE_PWM/utilities" -O0 -fno-common -g3 -Wall -c -fmessage-length=0 -fno-builtin -ffunction-sections -fdata-sections -fmerge-constants -fmacro-prefix-map="../source/"= -mcpu=cortex-m0plus -mthumb -D__REDLIB__ -fstack-usage -specs=redlib.specs -MMD -MP -MF"source/mtb.d" -MT"source/mtb.o" -MT"source/mtb.d" -o "source/mtb.o" "../source/mtb.c"
Finished building: ../source/mtb.c
 
Building file: ../source/semihost_hardfault.c
Invoking: MCU C Compiler
arm-none-eabi-gcc -D__REDLIB__ -DCPU_MKL25Z128VLK4_cm0plus -DCPU_MKL25Z128VLK4 -DSDK_OS_BAREMETAL -DFSL_RTOS_BM -DSDK_DEBUGCONSOLE=1 -DCR_INTEGER_PRINTF -DPRINTF_FLOAT_ENABLE=0 -D__MCUXPRESSO -D__USE_CMSIS -DDEBUG -I"/home/anderson/setimo-semestre/micro/work/DUTY_CYCLE_PWM/board" -I"/home/anderson/setimo-semestre/micro/work/DUTY_CYCLE_PWM/source" -I"/home/anderson/setimo-semestre/micro/work/DUTY_CYCLE_PWM" -I"/home/anderson/setimo-semestre/micro/work/DUTY_CYCLE_PWM/startup" -I"/home/anderson/setimo-semestre/micro/work/DUTY_CYCLE_PWM/CMSIS" -I"/home/anderson/setimo-semestre/micro/work/DUTY_CYCLE_PWM/drivers" -I"/home/anderson/setimo-semestre/micro/work/DUTY_CYCLE_PWM/utilities" -O0 -fno-common -g3 -Wall -c -fmessage-length=0 -fno-builtin -ffunction-sections -fdata-sections -fmerge-constants -fmacro-prefix-map="../source/"= -mcpu=cortex-m0plus -mthumb -D__REDLIB__ -fstack-usage -specs=redlib.specs -MMD -MP -MF"source/semihost_hardfault.d" -MT"source/semihost_hardfault.o" -MT"source/semihost_hardfault.d" -o "source/semihost_hardfault.o" "../source/semihost_hardfault.c"
Finished building: ../source/DUTY_CYCLE_PWM.c
 
Building file: ../drivers/fsl_clock.c
Finished building: ../source/semihost_hardfault.c
Invoking: MCU C Compiler
arm-none-eabi-gcc -D__REDLIB__ -DCPU_MKL25Z128VLK4_cm0plus -DCPU_MKL25Z128VLK4 -DSDK_OS_BAREMETAL -DFSL_RTOS_BM -DSDK_DEBUGCONSOLE=1 -DCR_INTEGER_PRINTF -DPRINTF_FLOAT_ENABLE=0 -D__MCUXPRESSO -D__USE_CMSIS -DDEBUG -I"/home/anderson/setimo-semestre/micro/work/DUTY_CYCLE_PWM/board" -I"/home/anderson/setimo-semestre/micro/work/DUTY_CYCLE_PWM/source" -I"/home/anderson/setimo-semestre/micro/work/DUTY_CYCLE_PWM" -I"/home/anderson/setimo-semestre/micro/work/DUTY_CYCLE_PWM/startup" -I"/home/anderson/setimo-semestre/micro/work/DUTY_CYCLE_PWM/CMSIS" -I"/home/anderson/setimo-semestre/micro/work/DUTY_CYCLE_PWM/drivers" -I"/home/anderson/setimo-semestre/micro/work/DUTY_CYCLE_PWM/utilities" -O0 -fno-common -g3 -Wall -c -fmessage-length=0 -fno-builtin -ffunction-sections -fdata-sections -fmerge-constants -fmacro-prefix-map="../drivers/"= -mcpu=cortex-m0plus -mthumb -D__REDLIB__ -fstack-usage -specs=redlib.specs -MMD -MP -MF"drivers/fsl_clock.d" -MT"drivers/fsl_clock.o" -MT"drivers/fsl_clock.d" -o "drivers/fsl_clock.o" "../drivers/fsl_clock.c"
 
Building file: ../drivers/fsl_common.c
Invoking: MCU C Compiler
arm-none-eabi-gcc -D__REDLIB__ -DCPU_MKL25Z128VLK4_cm0plus -DCPU_MKL25Z128VLK4 -DSDK_OS_BAREMETAL -DFSL_RTOS_BM -DSDK_DEBUGCONSOLE=1 -DCR_INTEGER_PRINTF -DPRINTF_FLOAT_ENABLE=0 -D__MCUXPRESSO -D__USE_CMSIS -DDEBUG -I"/home/anderson/setimo-semestre/micro/work/DUTY_CYCLE_PWM/board" -I"/home/anderson/setimo-semestre/micro/work/DUTY_CYCLE_PWM/source" -I"/home/anderson/setimo-semestre/micro/work/DUTY_CYCLE_PWM" -I"/home/anderson/setimo-semestre/micro/work/DUTY_CYCLE_PWM/startup" -I"/home/anderson/setimo-semestre/micro/work/DUTY_CYCLE_PWM/CMSIS" -I"/home/anderson/setimo-semestre/micro/work/DUTY_CYCLE_PWM/drivers" -I"/home/anderson/setimo-semestre/micro/work/DUTY_CYCLE_PWM/utilities" -O0 -fno-common -g3 -Wall -c -fmessage-length=0 -fno-builtin -ffunction-sections -fdata-sections -fmerge-constants -fmacro-prefix-map="../drivers/"= -mcpu=cortex-m0plus -mthumb -D__REDLIB__ -fstack-usage -specs=redlib.specs -MMD -MP -MF"drivers/fsl_common.d" -MT"drivers/fsl_common.o" -MT"drivers/fsl_common.d" -o "drivers/fsl_common.o" "../drivers/fsl_common.c"
Finished building: ../startup/startup_mkl25z4.c
 
Building file: ../drivers/fsl_flash.c
Invoking: MCU C Compiler
arm-none-eabi-gcc -D__REDLIB__ -DCPU_MKL25Z128VLK4_cm0plus -DCPU_MKL25Z128VLK4 -DSDK_OS_BAREMETAL -DFSL_RTOS_BM -DSDK_DEBUGCONSOLE=1 -DCR_INTEGER_PRINTF -DPRINTF_FLOAT_ENABLE=0 -D__MCUXPRESSO -D__USE_CMSIS -DDEBUG -I"/home/anderson/setimo-semestre/micro/work/DUTY_CYCLE_PWM/board" -I"/home/anderson/setimo-semestre/micro/work/DUTY_CYCLE_PWM/source" -I"/home/anderson/setimo-semestre/micro/work/DUTY_CYCLE_PWM" -I"/home/anderson/setimo-semestre/micro/work/DUTY_CYCLE_PWM/startup" -I"/home/anderson/setimo-semestre/micro/work/DUTY_CYCLE_PWM/CMSIS" -I"/home/anderson/setimo-semestre/micro/work/DUTY_CYCLE_PWM/drivers" -I"/home/anderson/setimo-semestre/micro/work/DUTY_CYCLE_PWM/utilities" -O0 -fno-common -g3 -Wall -c -fmessage-length=0 -fno-builtin -ffunction-sections -fdata-sections -fmerge-constants -fmacro-prefix-map="../drivers/"= -mcpu=cortex-m0plus -mthumb -D__REDLIB__ -fstack-usage -specs=redlib.specs -MMD -MP -MF"drivers/fsl_flash.d" -MT"drivers/fsl_flash.o" -MT"drivers/fsl_flash.d" -o "drivers/fsl_flash.o" "../drivers/fsl_flash.c"
Finished building: ../utilities/fsl_debug_console.c
 
Building file: ../drivers/fsl_gpio.c
Invoking: MCU C Compiler
arm-none-eabi-gcc -D__REDLIB__ -DCPU_MKL25Z128VLK4_cm0plus -DCPU_MKL25Z128VLK4 -DSDK_OS_BAREMETAL -DFSL_RTOS_BM -DSDK_DEBUGCONSOLE=1 -DCR_INTEGER_PRINTF -DPRINTF_FLOAT_ENABLE=0 -D__MCUXPRESSO -D__USE_CMSIS -DDEBUG -I"/home/anderson/setimo-semestre/micro/work/DUTY_CYCLE_PWM/board" -I"/home/anderson/setimo-semestre/micro/work/DUTY_CYCLE_PWM/source" -I"/home/anderson/setimo-semestre/micro/work/DUTY_CYCLE_PWM" -I"/home/anderson/setimo-semestre/micro/work/DUTY_CYCLE_PWM/startup" -I"/home/anderson/setimo-semestre/micro/work/DUTY_CYCLE_PWM/CMSIS" -I"/home/anderson/setimo-semestre/micro/work/DUTY_CYCLE_PWM/drivers" -I"/home/anderson/setimo-semestre/micro/work/DUTY_CYCLE_PWM/utilities" -O0 -fno-common -g3 -Wall -c -fmessage-length=0 -fno-builtin -ffunction-sections -fdata-sections -fmerge-constants -fmacro-prefix-map="../drivers/"= -mcpu=cortex-m0plus -mthumb -D__REDLIB__ -fstack-usage -specs=redlib.specs -MMD -MP -MF"drivers/fsl_gpio.d" -MT"drivers/fsl_gpio.o" -MT"drivers/fsl_gpio.d" -o "drivers/fsl_gpio.o" "../drivers/fsl_gpio.c"
Finished building: ../drivers/fsl_common.c
Finished building: ../drivers/fsl_clock.c
 
 
Building file: ../drivers/fsl_lpsci.c
Building file: ../drivers/fsl_smc.c
Invoking: MCU C Compiler
arm-none-eabi-gcc -D__REDLIB__ -DCPU_MKL25Z128VLK4_cm0plus -DCPU_MKL25Z128VLK4 -DSDK_OS_BAREMETAL -DFSL_RTOS_BM -DSDK_DEBUGCONSOLE=1 -DCR_INTEGER_PRINTF -DPRINTF_FLOAT_ENABLE=0 -D__MCUXPRESSO -D__USE_CMSIS -DDEBUG -I"/home/anderson/setimo-semestre/micro/work/DUTY_CYCLE_PWM/board" -I"/home/anderson/setimo-semestre/micro/work/DUTY_CYCLE_PWM/source" -I"/home/anderson/setimo-semestre/micro/work/DUTY_CYCLE_PWM" -I"/home/anderson/setimo-semestre/micro/work/DUTY_CYCLE_PWM/startup" -I"/home/anderson/setimo-semestre/micro/work/DUTY_CYCLE_PWM/CMSIS" -I"/home/anderson/setimo-semestre/micro/work/DUTY_CYCLE_PWM/drivers" -I"/home/anderson/setimo-semestre/micro/work/DUTY_CYCLE_PWM/utilities" -O0 -fno-common -g3 -Wall -c -fmessage-length=0 -fno-builtin -ffunction-sections -fdata-sections -fmerge-constants -fmacro-prefix-map="../drivers/"= -mcpu=cortex-m0plus -mthumb -D__REDLIB__ -fstack-usage -specs=redlib.specs -MMD -MP -MF"drivers/fsl_lpsci.d" -MT"drivers/fsl_lpsci.o" -MT"drivers/fsl_lpsci.d" -o "drivers/fsl_lpsci.o" "../drivers/fsl_lpsci.c"
Invoking: MCU C Compiler
arm-none-eabi-gcc -D__REDLIB__ -DCPU_MKL25Z128VLK4_cm0plus -DCPU_MKL25Z128VLK4 -DSDK_OS_BAREMETAL -DFSL_RTOS_BM -DSDK_DEBUGCONSOLE=1 -DCR_INTEGER_PRINTF -DPRINTF_FLOAT_ENABLE=0 -D__MCUXPRESSO -D__USE_CMSIS -DDEBUG -I"/home/anderson/setimo-semestre/micro/work/DUTY_CYCLE_PWM/board" -I"/home/anderson/setimo-semestre/micro/work/DUTY_CYCLE_PWM/source" -I"/home/anderson/setimo-semestre/micro/work/DUTY_CYCLE_PWM" -I"/home/anderson/setimo-semestre/micro/work/DUTY_CYCLE_PWM/startup" -I"/home/anderson/setimo-semestre/micro/work/DUTY_CYCLE_PWM/CMSIS" -I"/home/anderson/setimo-semestre/micro/work/DUTY_CYCLE_PWM/drivers" -I"/home/anderson/setimo-semestre/micro/work/DUTY_CYCLE_PWM/utilities" -O0 -fno-common -g3 -Wall -c -fmessage-length=0 -fno-builtin -ffunction-sections -fdata-sections -fmerge-constants -fmacro-prefix-map="../drivers/"= -mcpu=cortex-m0plus -mthumb -D__REDLIB__ -fstack-usage -specs=redlib.specs -MMD -MP -MF"drivers/fsl_smc.d" -MT"drivers/fsl_smc.o" -MT"drivers/fsl_smc.d" -o "drivers/fsl_smc.o" "../drivers/fsl_smc.c"
Finished building: ../drivers/fsl_gpio.c
 
Building file: ../drivers/fsl_uart.c
Invoking: MCU C Compiler
arm-none-eabi-gcc -D__REDLIB__ -DCPU_MKL25Z128VLK4_cm0plus -DCPU_MKL25Z128VLK4 -DSDK_OS_BAREMETAL -DFSL_RTOS_BM -DSDK_DEBUGCONSOLE=1 -DCR_INTEGER_PRINTF -DPRINTF_FLOAT_ENABLE=0 -D__MCUXPRESSO -D__USE_CMSIS -DDEBUG -I"/home/anderson/setimo-semestre/micro/work/DUTY_CYCLE_PWM/board" -I"/home/anderson/setimo-semestre/micro/work/DUTY_CYCLE_PWM/source" -I"/home/anderson/setimo-semestre/micro/work/DUTY_CYCLE_PWM" -I"/home/anderson/setimo-semestre/micro/work/DUTY_CYCLE_PWM/startup" -I"/home/anderson/setimo-semestre/micro/work/DUTY_CYCLE_PWM/CMSIS" -I"/home/anderson/setimo-semestre/micro/work/DUTY_CYCLE_PWM/drivers" -I"/home/anderson/setimo-semestre/micro/work/DUTY_CYCLE_PWM/utilities" -O0 -fno-common -g3 -Wall -c -fmessage-length=0 -fno-builtin -ffunction-sections -fdata-sections -fmerge-constants -fmacro-prefix-map="../drivers/"= -mcpu=cortex-m0plus -mthumb -D__REDLIB__ -fstack-usage -specs=redlib.specs -MMD -MP -MF"drivers/fsl_uart.d" -MT"drivers/fsl_uart.o" -MT"drivers/fsl_uart.d" -o "drivers/fsl_uart.o" "../drivers/fsl_uart.c"
Finished building: ../drivers/fsl_flash.c
 
Building file: ../board/board.c
Invoking: MCU C Compiler
arm-none-eabi-gcc -D__REDLIB__ -DCPU_MKL25Z128VLK4_cm0plus -DCPU_MKL25Z128VLK4 -DSDK_OS_BAREMETAL -DFSL_RTOS_BM -DSDK_DEBUGCONSOLE=1 -DCR_INTEGER_PRINTF -DPRINTF_FLOAT_ENABLE=0 -D__MCUXPRESSO -D__USE_CMSIS -DDEBUG -I"/home/anderson/setimo-semestre/micro/work/DUTY_CYCLE_PWM/board" -I"/home/anderson/setimo-semestre/micro/work/DUTY_CYCLE_PWM/source" -I"/home/anderson/setimo-semestre/micro/work/DUTY_CYCLE_PWM" -I"/home/anderson/setimo-semestre/micro/work/DUTY_CYCLE_PWM/startup" -I"/home/anderson/setimo-semestre/micro/work/DUTY_CYCLE_PWM/CMSIS" -I"/home/anderson/setimo-semestre/micro/work/DUTY_CYCLE_PWM/drivers" -I"/home/anderson/setimo-semestre/micro/work/DUTY_CYCLE_PWM/utilities" -O0 -fno-common -g3 -Wall -c -fmessage-length=0 -fno-builtin -ffunction-sections -fdata-sections -fmerge-constants -fmacro-prefix-map="../board/"= -mcpu=cortex-m0plus -mthumb -D__REDLIB__ -fstack-usage -specs=redlib.specs -MMD -MP -MF"board/board.d" -MT"board/board.o" -MT"board/board.d" -o "board/board.o" "../board/board.c"
Finished building: ../drivers/fsl_smc.c
 
Building file: ../board/clock_config.c
Invoking: MCU C Compiler
arm-none-eabi-gcc -D__REDLIB__ -DCPU_MKL25Z128VLK4_cm0plus -DCPU_MKL25Z128VLK4 -DSDK_OS_BAREMETAL -DFSL_RTOS_BM -DSDK_DEBUGCONSOLE=1 -DCR_INTEGER_PRINTF -DPRINTF_FLOAT_ENABLE=0 -D__MCUXPRESSO -D__USE_CMSIS -DDEBUG -I"/home/anderson/setimo-semestre/micro/work/DUTY_CYCLE_PWM/board" -I"/home/anderson/setimo-semestre/micro/work/DUTY_CYCLE_PWM/source" -I"/home/anderson/setimo-semestre/micro/work/DUTY_CYCLE_PWM" -I"/home/anderson/setimo-semestre/micro/work/DUTY_CYCLE_PWM/startup" -I"/home/anderson/setimo-semestre/micro/work/DUTY_CYCLE_PWM/CMSIS" -I"/home/anderson/setimo-semestre/micro/work/DUTY_CYCLE_PWM/drivers" -I"/home/anderson/setimo-semestre/micro/work/DUTY_CYCLE_PWM/utilities" -O0 -fno-common -g3 -Wall -c -fmessage-length=0 -fno-builtin -ffunction-sections -fdata-sections -fmerge-constants -fmacro-prefix-map="../board/"= -mcpu=cortex-m0plus -mthumb -D__REDLIB__ -fstack-usage -specs=redlib.specs -MMD -MP -MF"board/clock_config.d" -MT"board/clock_config.o" -MT"board/clock_config.d" -o "board/clock_config.o" "../board/clock_config.c"
Finished building: ../drivers/fsl_uart.c
 
Building file: ../board/peripherals.c
Invoking: MCU C Compiler
arm-none-eabi-gcc -D__REDLIB__ -DCPU_MKL25Z128VLK4_cm0plus -DCPU_MKL25Z128VLK4 -DSDK_OS_BAREMETAL -DFSL_RTOS_BM -DSDK_DEBUGCONSOLE=1 -DCR_INTEGER_PRINTF -DPRINTF_FLOAT_ENABLE=0 -D__MCUXPRESSO -D__USE_CMSIS -DDEBUG -I"/home/anderson/setimo-semestre/micro/work/DUTY_CYCLE_PWM/board" -I"/home/anderson/setimo-semestre/micro/work/DUTY_CYCLE_PWM/source" -I"/home/anderson/setimo-semestre/micro/work/DUTY_CYCLE_PWM" -I"/home/anderson/setimo-semestre/micro/work/DUTY_CYCLE_PWM/startup" -I"/home/anderson/setimo-semestre/micro/work/DUTY_CYCLE_PWM/CMSIS" -I"/home/anderson/setimo-semestre/micro/work/DUTY_CYCLE_PWM/drivers" -I"/home/anderson/setimo-semestre/micro/work/DUTY_CYCLE_PWM/utilities" -O0 -fno-common -g3 -Wall -c -fmessage-length=0 -fno-builtin -ffunction-sections -fdata-sections -fmerge-constants -fmacro-prefix-map="../board/"= -mcpu=cortex-m0plus -mthumb -D__REDLIB__ -fstack-usage -specs=redlib.specs -MMD -MP -MF"board/peripherals.d" -MT"board/peripherals.o" -MT"board/peripherals.d" -o "board/peripherals.o" "../board/peripherals.c"
Finished building: ../drivers/fsl_lpsci.c
 
Finished building: ../board/board.c
Building file: ../board/pin_mux.c
 
Invoking: MCU C Compiler
arm-none-eabi-gcc -D__REDLIB__ -DCPU_MKL25Z128VLK4_cm0plus -DCPU_MKL25Z128VLK4 -DSDK_OS_BAREMETAL -DFSL_RTOS_BM -DSDK_DEBUGCONSOLE=1 -DCR_INTEGER_PRINTF -DPRINTF_FLOAT_ENABLE=0 -D__MCUXPRESSO -D__USE_CMSIS -DDEBUG -I"/home/anderson/setimo-semestre/micro/work/DUTY_CYCLE_PWM/board" -I"/home/anderson/setimo-semestre/micro/work/DUTY_CYCLE_PWM/source" -I"/home/anderson/setimo-semestre/micro/work/DUTY_CYCLE_PWM" -I"/home/anderson/setimo-semestre/micro/work/DUTY_CYCLE_PWM/startup" -I"/home/anderson/setimo-semestre/micro/work/DUTY_CYCLE_PWM/CMSIS" -I"/home/anderson/setimo-semestre/micro/work/DUTY_CYCLE_PWM/drivers" -I"/home/anderson/setimo-semestre/micro/work/DUTY_CYCLE_PWM/utilities" -O0 -fno-common -g3 -Wall -c -fmessage-length=0 -fno-builtin -ffunction-sections -fdata-sections -fmerge-constants -fmacro-prefix-map="../board/"= -mcpu=cortex-m0plus -mthumb -D__REDLIB__ -fstack-usage -specs=redlib.specs -MMD -MP -MF"board/pin_mux.d" -MT"board/pin_mux.o" -MT"board/pin_mux.d" -o "board/pin_mux.o" "../board/pin_mux.c"
Building file: ../CMSIS/system_MKL25Z4.c
Invoking: MCU C Compiler
arm-none-eabi-gcc -D__REDLIB__ -DCPU_MKL25Z128VLK4_cm0plus -DCPU_MKL25Z128VLK4 -DSDK_OS_BAREMETAL -DFSL_RTOS_BM -DSDK_DEBUGCONSOLE=1 -DCR_INTEGER_PRINTF -DPRINTF_FLOAT_ENABLE=0 -D__MCUXPRESSO -D__USE_CMSIS -DDEBUG -I"/home/anderson/setimo-semestre/micro/work/DUTY_CYCLE_PWM/board" -I"/home/anderson/setimo-semestre/micro/work/DUTY_CYCLE_PWM/source" -I"/home/anderson/setimo-semestre/micro/work/DUTY_CYCLE_PWM" -I"/home/anderson/setimo-semestre/micro/work/DUTY_CYCLE_PWM/startup" -I"/home/anderson/setimo-semestre/micro/work/DUTY_CYCLE_PWM/CMSIS" -I"/home/anderson/setimo-semestre/micro/work/DUTY_CYCLE_PWM/drivers" -I"/home/anderson/setimo-semestre/micro/work/DUTY_CYCLE_PWM/utilities" -O0 -fno-common -g3 -Wall -c -fmessage-length=0 -fno-builtin -ffunction-sections -fdata-sections -fmerge-constants -fmacro-prefix-map="../CMSIS/"= -mcpu=cortex-m0plus -mthumb -D__REDLIB__ -fstack-usage -specs=redlib.specs -MMD -MP -MF"CMSIS/system_MKL25Z4.d" -MT"CMSIS/system_MKL25Z4.o" -MT"CMSIS/system_MKL25Z4.d" -o "CMSIS/system_MKL25Z4.o" "../CMSIS/system_MKL25Z4.c"
Finished building: ../board/clock_config.c
 
Finished building: ../board/peripherals.c
 
Finished building: ../board/pin_mux.c
 
Finished building: ../CMSIS/system_MKL25Z4.c
 
Building target: DUTY_CYCLE_PWM.axf
Invoking: MCU Linker
arm-none-eabi-gcc -nostdlib -Xlinker -Map="DUTY_CYCLE_PWM.map" -Xlinker --gc-sections -Xlinker -print-memory-usage -Xlinker --sort-section=alignment -Xlinker --cref -mcpu=cortex-m0plus -mthumb -T DUTY_CYCLE_PWM_Debug.ld -o "DUTY_CYCLE_PWM.axf"  ./utilities/fsl_debug_console.o  ./startup/startup_mkl25z4.o  ./source/DUTY_CYCLE_PWM.o ./source/mtb.o ./source/semihost_hardfault.o  ./drivers/fsl_clock.o ./drivers/fsl_common.o ./drivers/fsl_flash.o ./drivers/fsl_gpio.o ./drivers/fsl_lpsci.o ./drivers/fsl_smc.o ./drivers/fsl_uart.o  ./board/board.o ./board/clock_config.o ./board/peripherals.o ./board/pin_mux.o  ./CMSIS/system_MKL25Z4.o   
Memory region         Used Size  Region Size  %age Used
   PROGRAM_FLASH:        2808 B       128 KB      2.14%
            SRAM:        2384 B        16 KB     14.55%
Finished building target: DUTY_CYCLE_PWM.axf
 
Performing post-build steps
arm-none-eabi-size "DUTY_CYCLE_PWM.axf"; # arm-none-eabi-objcopy -v -O binary "DUTY_CYCLE_PWM.axf" "DUTY_CYCLE_PWM.bin" ; # checksum -p MKL25Z128xxx4 -d "DUTY_CYCLE_PWM.bin";
   text	   data	    bss	    dec	    hex	filename
   2808	      0	   2384	   5192	   1448	DUTY_CYCLE_PWM.axf
 
11:46:07 **** Incremental Build of configuration Debug for project DUTY_CYCLE_PWM ****
make -r -j4 all 
make[1]: Nothing to be done for 'main-build'.
Performing post-build steps
arm-none-eabi-size "DUTY_CYCLE_PWM.axf"; # arm-none-eabi-objcopy -v -O binary "DUTY_CYCLE_PWM.axf" "DUTY_CYCLE_PWM.bin" ; # checksum -p MKL25Z128xxx4 -d "DUTY_CYCLE_PWM.bin";
   text	   data	    bss	    dec	    hex	filename
   2808	      0	   2384	   5192	   1448	DUTY_CYCLE_PWM.axf
 
11:11:53 **** Build of configuration Debug for project MOTOR_PASSOS_KL25Z ****
make -r -j4 all 
Building file: ../startup/startup_mkl25z4.c
Building file: ../utilities/fsl_debug_console.c
Building file: ../source/MOTOR_PASSOS_KL25Z.c
Building file: ../source/mtb.c
Invoking: MCU C Compiler
Invoking: MCU C Compiler
Invoking: MCU C Compiler
arm-none-eabi-gcc -D__REDLIB__ -DCPU_MKL25Z128VLK4_cm0plus -DCPU_MKL25Z128VLK4 -DSDK_OS_BAREMETAL -DFSL_RTOS_BM -DSDK_DEBUGCONSOLE=1 -DCR_INTEGER_PRINTF -DPRINTF_FLOAT_ENABLE=0 -D__MCUXPRESSO -D__USE_CMSIS -DDEBUG -I"/home/anderson/setimo-semestre/micro/work/MOTOR_PASSOS_KL25Z/board" -I"/home/anderson/setimo-semestre/micro/work/MOTOR_PASSOS_KL25Z/source" -I"/home/anderson/setimo-semestre/micro/work/MOTOR_PASSOS_KL25Z" -I"/home/anderson/setimo-semestre/micro/work/MOTOR_PASSOS_KL25Z/startup" -I"/home/anderson/setimo-semestre/micro/work/MOTOR_PASSOS_KL25Z/CMSIS" -I"/home/anderson/setimo-semestre/micro/work/MOTOR_PASSOS_KL25Z/drivers" -I"/home/anderson/setimo-semestre/micro/work/MOTOR_PASSOS_KL25Z/utilities" -O0 -fno-common -g3 -Wall -c -fmessage-length=0 -fno-builtin -ffunction-sections -fdata-sections -fmerge-constants -fmacro-prefix-map="../utilities/"= -mcpu=cortex-m0plus -mthumb -D__REDLIB__ -fstack-usage -specs=redlib.specs -MMD -MP -MF"utilities/fsl_debug_console.d" -MT"utilities/fsl_debug_console.o" -MT"utilities/fsl_debug_console.d" -o "utilities/fsl_debug_console.o" "../utilities/fsl_debug_console.c"
arm-none-eabi-gcc -D__REDLIB__ -DCPU_MKL25Z128VLK4_cm0plus -DCPU_MKL25Z128VLK4 -DSDK_OS_BAREMETAL -DFSL_RTOS_BM -DSDK_DEBUGCONSOLE=1 -DCR_INTEGER_PRINTF -DPRINTF_FLOAT_ENABLE=0 -D__MCUXPRESSO -D__USE_CMSIS -DDEBUG -I"/home/anderson/setimo-semestre/micro/work/MOTOR_PASSOS_KL25Z/board" -I"/home/anderson/setimo-semestre/micro/work/MOTOR_PASSOS_KL25Z/source" -I"/home/anderson/setimo-semestre/micro/work/MOTOR_PASSOS_KL25Z" -I"/home/anderson/setimo-semestre/micro/work/MOTOR_PASSOS_KL25Z/startup" -I"/home/anderson/setimo-semestre/micro/work/MOTOR_PASSOS_KL25Z/CMSIS" -I"/home/anderson/setimo-semestre/micro/work/MOTOR_PASSOS_KL25Z/drivers" -I"/home/anderson/setimo-semestre/micro/work/MOTOR_PASSOS_KL25Z/utilities" -O0 -fno-common -g3 -Wall -c -fmessage-length=0 -fno-builtin -ffunction-sections -fdata-sections -fmerge-constants -fmacro-prefix-map="../startup/"= -mcpu=cortex-m0plus -mthumb -D__REDLIB__ -fstack-usage -specs=redlib.specs -MMD -MP -MF"startup/startup_mkl25z4.d" -MT"startup/startup_mkl25z4.o" -MT"startup/startup_mkl25z4.d" -o "startup/startup_mkl25z4.o" "../startup/startup_mkl25z4.c"
Invoking: MCU C Compiler
arm-none-eabi-gcc -D__REDLIB__ -DCPU_MKL25Z128VLK4_cm0plus -DCPU_MKL25Z128VLK4 -DSDK_OS_BAREMETAL -DFSL_RTOS_BM -DSDK_DEBUGCONSOLE=1 -DCR_INTEGER_PRINTF -DPRINTF_FLOAT_ENABLE=0 -D__MCUXPRESSO -D__USE_CMSIS -DDEBUG -I"/home/anderson/setimo-semestre/micro/work/MOTOR_PASSOS_KL25Z/board" -I"/home/anderson/setimo-semestre/micro/work/MOTOR_PASSOS_KL25Z/source" -I"/home/anderson/setimo-semestre/micro/work/MOTOR_PASSOS_KL25Z" -I"/home/anderson/setimo-semestre/micro/work/MOTOR_PASSOS_KL25Z/startup" -I"/home/anderson/setimo-semestre/micro/work/MOTOR_PASSOS_KL25Z/CMSIS" -I"/home/anderson/setimo-semestre/micro/work/MOTOR_PASSOS_KL25Z/drivers" -I"/home/anderson/setimo-semestre/micro/work/MOTOR_PASSOS_KL25Z/utilities" -O0 -fno-common -g3 -Wall -c -fmessage-length=0 -fno-builtin -ffunction-sections -fdata-sections -fmerge-constants -fmacro-prefix-map="../source/"= -mcpu=cortex-m0plus -mthumb -D__REDLIB__ -fstack-usage -specs=redlib.specs -MMD -MP -MF"source/MOTOR_PASSOS_KL25Z.d" -MT"source/MOTOR_PASSOS_KL25Z.o" -MT"source/MOTOR_PASSOS_KL25Z.d" -o "source/MOTOR_PASSOS_KL25Z.o" "../source/MOTOR_PASSOS_KL25Z.c"
arm-none-eabi-gcc -D__REDLIB__ -DCPU_MKL25Z128VLK4_cm0plus -DCPU_MKL25Z128VLK4 -DSDK_OS_BAREMETAL -DFSL_RTOS_BM -DSDK_DEBUGCONSOLE=1 -DCR_INTEGER_PRINTF -DPRINTF_FLOAT_ENABLE=0 -D__MCUXPRESSO -D__USE_CMSIS -DDEBUG -I"/home/anderson/setimo-semestre/micro/work/MOTOR_PASSOS_KL25Z/board" -I"/home/anderson/setimo-semestre/micro/work/MOTOR_PASSOS_KL25Z/source" -I"/home/anderson/setimo-semestre/micro/work/MOTOR_PASSOS_KL25Z" -I"/home/anderson/setimo-semestre/micro/work/MOTOR_PASSOS_KL25Z/startup" -I"/home/anderson/setimo-semestre/micro/work/MOTOR_PASSOS_KL25Z/CMSIS" -I"/home/anderson/setimo-semestre/micro/work/MOTOR_PASSOS_KL25Z/drivers" -I"/home/anderson/setimo-semestre/micro/work/MOTOR_PASSOS_KL25Z/utilities" -O0 -fno-common -g3 -Wall -c -fmessage-length=0 -fno-builtin -ffunction-sections -fdata-sections -fmerge-constants -fmacro-prefix-map="../source/"= -mcpu=cortex-m0plus -mthumb -D__REDLIB__ -fstack-usage -specs=redlib.specs -MMD -MP -MF"source/mtb.d" -MT"source/mtb.o" -MT"source/mtb.d" -o "source/mtb.o" "../source/mtb.c"
../source/MOTOR_PASSOS_KL25Z.c: In function 'InitTPMPWM':
../source/MOTOR_PASSOS_KL25Z.c:151:2: warning: "/*" within comment [-Wcomment]
  151 |  /* Desativar o PWM no modulo TPM2 canal 0 --> PTB2 */
      |   
Finished building: ../source/mtb.c
 
Building file: ../source/semihost_hardfault.c
Invoking: MCU C Compiler
arm-none-eabi-gcc -D__REDLIB__ -DCPU_MKL25Z128VLK4_cm0plus -DCPU_MKL25Z128VLK4 -DSDK_OS_BAREMETAL -DFSL_RTOS_BM -DSDK_DEBUGCONSOLE=1 -DCR_INTEGER_PRINTF -DPRINTF_FLOAT_ENABLE=0 -D__MCUXPRESSO -D__USE_CMSIS -DDEBUG -I"/home/anderson/setimo-semestre/micro/work/MOTOR_PASSOS_KL25Z/board" -I"/home/anderson/setimo-semestre/micro/work/MOTOR_PASSOS_KL25Z/source" -I"/home/anderson/setimo-semestre/micro/work/MOTOR_PASSOS_KL25Z" -I"/home/anderson/setimo-semestre/micro/work/MOTOR_PASSOS_KL25Z/startup" -I"/home/anderson/setimo-semestre/micro/work/MOTOR_PASSOS_KL25Z/CMSIS" -I"/home/anderson/setimo-semestre/micro/work/MOTOR_PASSOS_KL25Z/drivers" -I"/home/anderson/setimo-semestre/micro/work/MOTOR_PASSOS_KL25Z/utilities" -O0 -fno-common -g3 -Wall -c -fmessage-length=0 -fno-builtin -ffunction-sections -fdata-sections -fmerge-constants -fmacro-prefix-map="../source/"= -mcpu=cortex-m0plus -mthumb -D__REDLIB__ -fstack-usage -specs=redlib.specs -MMD -MP -MF"source/semihost_hardfault.d" -MT"source/semihost_hardfault.o" -MT"source/semihost_hardfault.d" -o "source/semihost_hardfault.o" "../source/semihost_hardfault.c"
Finished building: ../source/semihost_hardfault.c
 
Finished building: ../startup/startup_mkl25z4.c
Building file: ../drivers/fsl_clock.c
Invoking: MCU C Compiler
Finished building: ../source/MOTOR_PASSOS_KL25Z.c
 
arm-none-eabi-gcc -D__REDLIB__ -DCPU_MKL25Z128VLK4_cm0plus -DCPU_MKL25Z128VLK4 -DSDK_OS_BAREMETAL -DFSL_RTOS_BM -DSDK_DEBUGCONSOLE=1 -DCR_INTEGER_PRINTF -DPRINTF_FLOAT_ENABLE=0 -D__MCUXPRESSO -D__USE_CMSIS -DDEBUG -I"/home/anderson/setimo-semestre/micro/work/MOTOR_PASSOS_KL25Z/board" -I"/home/anderson/setimo-semestre/micro/work/MOTOR_PASSOS_KL25Z/source" -I"/home/anderson/setimo-semestre/micro/work/MOTOR_PASSOS_KL25Z" -I"/home/anderson/setimo-semestre/micro/work/MOTOR_PASSOS_KL25Z/startup" -I"/home/anderson/setimo-semestre/micro/work/MOTOR_PASSOS_KL25Z/CMSIS" -I"/home/anderson/setimo-semestre/micro/work/MOTOR_PASSOS_KL25Z/drivers" -I"/home/anderson/setimo-semestre/micro/work/MOTOR_PASSOS_KL25Z/utilities" -O0 -fno-common -g3 -Wall -c -fmessage-length=0 -fno-builtin -ffunction-sections -fdata-sections -fmerge-constants -fmacro-prefix-map="../drivers/"= -mcpu=cortex-m0plus -mthumb -D__REDLIB__ -fstack-usage -specs=redlib.specs -MMD -MP -MF"drivers/fsl_clock.d" -MT"drivers/fsl_clock.o" -MT"drivers/fsl_clock.d" -o "drivers/fsl_clock.o" "../drivers/fsl_clock.c"
 
Building file: ../drivers/fsl_common.c
Building file: ../drivers/fsl_flash.c
Invoking: MCU C Compiler
arm-none-eabi-gcc -D__REDLIB__ -DCPU_MKL25Z128VLK4_cm0plus -DCPU_MKL25Z128VLK4 -DSDK_OS_BAREMETAL -DFSL_RTOS_BM -DSDK_DEBUGCONSOLE=1 -DCR_INTEGER_PRINTF -DPRINTF_FLOAT_ENABLE=0 -D__MCUXPRESSO -D__USE_CMSIS -DDEBUG -I"/home/anderson/setimo-semestre/micro/work/MOTOR_PASSOS_KL25Z/board" -I"/home/anderson/setimo-semestre/micro/work/MOTOR_PASSOS_KL25Z/source" -I"/home/anderson/setimo-semestre/micro/work/MOTOR_PASSOS_KL25Z" -I"/home/anderson/setimo-semestre/micro/work/MOTOR_PASSOS_KL25Z/startup" -I"/home/anderson/setimo-semestre/micro/work/MOTOR_PASSOS_KL25Z/CMSIS" -I"/home/anderson/setimo-semestre/micro/work/MOTOR_PASSOS_KL25Z/drivers" -I"/home/anderson/setimo-semestre/micro/work/MOTOR_PASSOS_KL25Z/utilities" -O0 -fno-common -g3 -Wall -c -fmessage-length=0 -fno-builtin -ffunction-sections -fdata-sections -fmerge-constants -fmacro-prefix-map="../drivers/"= -mcpu=cortex-m0plus -mthumb -D__REDLIB__ -fstack-usage -specs=redlib.specs -MMD -MP -MF"drivers/fsl_common.d" -MT"drivers/fsl_common.o" -MT"drivers/fsl_common.d" -o "drivers/fsl_common.o" "../drivers/fsl_common.c"
Invoking: MCU C Compiler
arm-none-eabi-gcc -D__REDLIB__ -DCPU_MKL25Z128VLK4_cm0plus -DCPU_MKL25Z128VLK4 -DSDK_OS_BAREMETAL -DFSL_RTOS_BM -DSDK_DEBUGCONSOLE=1 -DCR_INTEGER_PRINTF -DPRINTF_FLOAT_ENABLE=0 -D__MCUXPRESSO -D__USE_CMSIS -DDEBUG -I"/home/anderson/setimo-semestre/micro/work/MOTOR_PASSOS_KL25Z/board" -I"/home/anderson/setimo-semestre/micro/work/MOTOR_PASSOS_KL25Z/source" -I"/home/anderson/setimo-semestre/micro/work/MOTOR_PASSOS_KL25Z" -I"/home/anderson/setimo-semestre/micro/work/MOTOR_PASSOS_KL25Z/startup" -I"/home/anderson/setimo-semestre/micro/work/MOTOR_PASSOS_KL25Z/CMSIS" -I"/home/anderson/setimo-semestre/micro/work/MOTOR_PASSOS_KL25Z/drivers" -I"/home/anderson/setimo-semestre/micro/work/MOTOR_PASSOS_KL25Z/utilities" -O0 -fno-common -g3 -Wall -c -fmessage-length=0 -fno-builtin -ffunction-sections -fdata-sections -fmerge-constants -fmacro-prefix-map="../drivers/"= -mcpu=cortex-m0plus -mthumb -D__REDLIB__ -fstack-usage -specs=redlib.specs -MMD -MP -MF"drivers/fsl_flash.d" -MT"drivers/fsl_flash.o" -MT"drivers/fsl_flash.d" -o "drivers/fsl_flash.o" "../drivers/fsl_flash.c"
Finished building: ../utilities/fsl_debug_console.c
 
Building file: ../drivers/fsl_gpio.c
Invoking: MCU C Compiler
arm-none-eabi-gcc -D__REDLIB__ -DCPU_MKL25Z128VLK4_cm0plus -DCPU_MKL25Z128VLK4 -DSDK_OS_BAREMETAL -DFSL_RTOS_BM -DSDK_DEBUGCONSOLE=1 -DCR_INTEGER_PRINTF -DPRINTF_FLOAT_ENABLE=0 -D__MCUXPRESSO -D__USE_CMSIS -DDEBUG -I"/home/anderson/setimo-semestre/micro/work/MOTOR_PASSOS_KL25Z/board" -I"/home/anderson/setimo-semestre/micro/work/MOTOR_PASSOS_KL25Z/source" -I"/home/anderson/setimo-semestre/micro/work/MOTOR_PASSOS_KL25Z" -I"/home/anderson/setimo-semestre/micro/work/MOTOR_PASSOS_KL25Z/startup" -I"/home/anderson/setimo-semestre/micro/work/MOTOR_PASSOS_KL25Z/CMSIS" -I"/home/anderson/setimo-semestre/micro/work/MOTOR_PASSOS_KL25Z/drivers" -I"/home/anderson/setimo-semestre/micro/work/MOTOR_PASSOS_KL25Z/utilities" -O0 -fno-common -g3 -Wall -c -fmessage-length=0 -fno-builtin -ffunction-sections -fdata-sections -fmerge-constants -fmacro-prefix-map="../drivers/"= -mcpu=cortex-m0plus -mthumb -D__REDLIB__ -fstack-usage -specs=redlib.specs -MMD -MP -MF"drivers/fsl_gpio.d" -MT"drivers/fsl_gpio.o" -MT"drivers/fsl_gpio.d" -o "drivers/fsl_gpio.o" "../drivers/fsl_gpio.c"
Finished building: ../drivers/fsl_clock.c
Finished building: ../drivers/fsl_gpio.c
 
 
Building file: ../drivers/fsl_smc.c
Building file: ../drivers/fsl_lpsci.c
Invoking: MCU C Compiler
arm-none-eabi-gcc -D__REDLIB__ -DCPU_MKL25Z128VLK4_cm0plus -DCPU_MKL25Z128VLK4 -DSDK_OS_BAREMETAL -DFSL_RTOS_BM -DSDK_DEBUGCONSOLE=1 -DCR_INTEGER_PRINTF -DPRINTF_FLOAT_ENABLE=0 -D__MCUXPRESSO -D__USE_CMSIS -DDEBUG -I"/home/anderson/setimo-semestre/micro/work/MOTOR_PASSOS_KL25Z/board" -I"/home/anderson/setimo-semestre/micro/work/MOTOR_PASSOS_KL25Z/source" -I"/home/anderson/setimo-semestre/micro/work/MOTOR_PASSOS_KL25Z" -I"/home/anderson/setimo-semestre/micro/work/MOTOR_PASSOS_KL25Z/startup" -I"/home/anderson/setimo-semestre/micro/work/MOTOR_PASSOS_KL25Z/CMSIS" -I"/home/anderson/setimo-semestre/micro/work/MOTOR_PASSOS_KL25Z/drivers" -I"/home/anderson/setimo-semestre/micro/work/MOTOR_PASSOS_KL25Z/utilities" -O0 -fno-common -g3 -Wall -c -fmessage-length=0 -fno-builtin -ffunction-sections -fdata-sections -fmerge-constants -fmacro-prefix-map="../drivers/"= -mcpu=cortex-m0plus -mthumb -D__REDLIB__ -fstack-usage -specs=redlib.specs -MMD -MP -MF"drivers/fsl_smc.d" -MT"drivers/fsl_smc.o" -MT"drivers/fsl_smc.d" -o "drivers/fsl_smc.o" "../drivers/fsl_smc.c"
Invoking: MCU C Compiler
arm-none-eabi-gcc -D__REDLIB__ -DCPU_MKL25Z128VLK4_cm0plus -DCPU_MKL25Z128VLK4 -DSDK_OS_BAREMETAL -DFSL_RTOS_BM -DSDK_DEBUGCONSOLE=1 -DCR_INTEGER_PRINTF -DPRINTF_FLOAT_ENABLE=0 -D__MCUXPRESSO -D__USE_CMSIS -DDEBUG -I"/home/anderson/setimo-semestre/micro/work/MOTOR_PASSOS_KL25Z/board" -I"/home/anderson/setimo-semestre/micro/work/MOTOR_PASSOS_KL25Z/source" -I"/home/anderson/setimo-semestre/micro/work/MOTOR_PASSOS_KL25Z" -I"/home/anderson/setimo-semestre/micro/work/MOTOR_PASSOS_KL25Z/startup" -I"/home/anderson/setimo-semestre/micro/work/MOTOR_PASSOS_KL25Z/CMSIS" -I"/home/anderson/setimo-semestre/micro/work/MOTOR_PASSOS_KL25Z/drivers" -I"/home/anderson/setimo-semestre/micro/work/MOTOR_PASSOS_KL25Z/utilities" -O0 -fno-common -g3 -Wall -c -fmessage-length=0 -fno-builtin -ffunction-sections -fdata-sections -fmerge-constants -fmacro-prefix-map="../drivers/"= -mcpu=cortex-m0plus -mthumb -D__REDLIB__ -fstack-usage -specs=redlib.specs -MMD -MP -MF"drivers/fsl_lpsci.d" -MT"drivers/fsl_lpsci.o" -MT"drivers/fsl_lpsci.d" -o "drivers/fsl_lpsci.o" "../drivers/fsl_lpsci.c"
Finished building: ../drivers/fsl_common.c
 
Building file: ../drivers/fsl_uart.c
Invoking: MCU C Compiler
arm-none-eabi-gcc -D__REDLIB__ -DCPU_MKL25Z128VLK4_cm0plus -DCPU_MKL25Z128VLK4 -DSDK_OS_BAREMETAL -DFSL_RTOS_BM -DSDK_DEBUGCONSOLE=1 -DCR_INTEGER_PRINTF -DPRINTF_FLOAT_ENABLE=0 -D__MCUXPRESSO -D__USE_CMSIS -DDEBUG -I"/home/anderson/setimo-semestre/micro/work/MOTOR_PASSOS_KL25Z/board" -I"/home/anderson/setimo-semestre/micro/work/MOTOR_PASSOS_KL25Z/source" -I"/home/anderson/setimo-semestre/micro/work/MOTOR_PASSOS_KL25Z" -I"/home/anderson/setimo-semestre/micro/work/MOTOR_PASSOS_KL25Z/startup" -I"/home/anderson/setimo-semestre/micro/work/MOTOR_PASSOS_KL25Z/CMSIS" -I"/home/anderson/setimo-semestre/micro/work/MOTOR_PASSOS_KL25Z/drivers" -I"/home/anderson/setimo-semestre/micro/work/MOTOR_PASSOS_KL25Z/utilities" -O0 -fno-common -g3 -Wall -c -fmessage-length=0 -fno-builtin -ffunction-sections -fdata-sections -fmerge-constants -fmacro-prefix-map="../drivers/"= -mcpu=cortex-m0plus -mthumb -D__REDLIB__ -fstack-usage -specs=redlib.specs -MMD -MP -MF"drivers/fsl_uart.d" -MT"drivers/fsl_uart.o" -MT"drivers/fsl_uart.d" -o "drivers/fsl_uart.o" "../drivers/fsl_uart.c"
Finished building: ../drivers/fsl_flash.c
 
Building file: ../board/board.c
Invoking: MCU C Compiler
arm-none-eabi-gcc -D__REDLIB__ -DCPU_MKL25Z128VLK4_cm0plus -DCPU_MKL25Z128VLK4 -DSDK_OS_BAREMETAL -DFSL_RTOS_BM -DSDK_DEBUGCONSOLE=1 -DCR_INTEGER_PRINTF -DPRINTF_FLOAT_ENABLE=0 -D__MCUXPRESSO -D__USE_CMSIS -DDEBUG -I"/home/anderson/setimo-semestre/micro/work/MOTOR_PASSOS_KL25Z/board" -I"/home/anderson/setimo-semestre/micro/work/MOTOR_PASSOS_KL25Z/source" -I"/home/anderson/setimo-semestre/micro/work/MOTOR_PASSOS_KL25Z" -I"/home/anderson/setimo-semestre/micro/work/MOTOR_PASSOS_KL25Z/startup" -I"/home/anderson/setimo-semestre/micro/work/MOTOR_PASSOS_KL25Z/CMSIS" -I"/home/anderson/setimo-semestre/micro/work/MOTOR_PASSOS_KL25Z/drivers" -I"/home/anderson/setimo-semestre/micro/work/MOTOR_PASSOS_KL25Z/utilities" -O0 -fno-common -g3 -Wall -c -fmessage-length=0 -fno-builtin -ffunction-sections -fdata-sections -fmerge-constants -fmacro-prefix-map="../board/"= -mcpu=cortex-m0plus -mthumb -D__REDLIB__ -fstack-usage -specs=redlib.specs -MMD -MP -MF"board/board.d" -MT"board/board.o" -MT"board/board.d" -o "board/board.o" "../board/board.c"
Finished building: ../drivers/fsl_smc.c
 
Building file: ../board/clock_config.c
Invoking: MCU C Compiler
arm-none-eabi-gcc -D__REDLIB__ -DCPU_MKL25Z128VLK4_cm0plus -DCPU_MKL25Z128VLK4 -DSDK_OS_BAREMETAL -DFSL_RTOS_BM -DSDK_DEBUGCONSOLE=1 -DCR_INTEGER_PRINTF -DPRINTF_FLOAT_ENABLE=0 -D__MCUXPRESSO -D__USE_CMSIS -DDEBUG -I"/home/anderson/setimo-semestre/micro/work/MOTOR_PASSOS_KL25Z/board" -I"/home/anderson/setimo-semestre/micro/work/MOTOR_PASSOS_KL25Z/source" -I"/home/anderson/setimo-semestre/micro/work/MOTOR_PASSOS_KL25Z" -I"/home/anderson/setimo-semestre/micro/work/MOTOR_PASSOS_KL25Z/startup" -I"/home/anderson/setimo-semestre/micro/work/MOTOR_PASSOS_KL25Z/CMSIS" -I"/home/anderson/setimo-semestre/micro/work/MOTOR_PASSOS_KL25Z/drivers" -I"/home/anderson/setimo-semestre/micro/work/MOTOR_PASSOS_KL25Z/utilities" -O0 -fno-common -g3 -Wall -c -fmessage-length=0 -fno-builtin -ffunction-sections -fdata-sections -fmerge-constants -fmacro-prefix-map="../board/"= -mcpu=cortex-m0plus -mthumb -D__REDLIB__ -fstack-usage -specs=redlib.specs -MMD -MP -MF"board/clock_config.d" -MT"board/clock_config.o" -MT"board/clock_config.d" -o "board/clock_config.o" "../board/clock_config.c"
Finished building: ../board/board.c
 
Building file: ../board/peripherals.c
Invoking: MCU C Compiler
arm-none-eabi-gcc -D__REDLIB__ -DCPU_MKL25Z128VLK4_cm0plus -DCPU_MKL25Z128VLK4 -DSDK_OS_BAREMETAL -DFSL_RTOS_BM -DSDK_DEBUGCONSOLE=1 -DCR_INTEGER_PRINTF -DPRINTF_FLOAT_ENABLE=0 -D__MCUXPRESSO -D__USE_CMSIS -DDEBUG -I"/home/anderson/setimo-semestre/micro/work/MOTOR_PASSOS_KL25Z/board" -I"/home/anderson/setimo-semestre/micro/work/MOTOR_PASSOS_KL25Z/source" -I"/home/anderson/setimo-semestre/micro/work/MOTOR_PASSOS_KL25Z" -I"/home/anderson/setimo-semestre/micro/work/MOTOR_PASSOS_KL25Z/startup" -I"/home/anderson/setimo-semestre/micro/work/MOTOR_PASSOS_KL25Z/CMSIS" -I"/home/anderson/setimo-semestre/micro/work/MOTOR_PASSOS_KL25Z/drivers" -I"/home/anderson/setimo-semestre/micro/work/MOTOR_PASSOS_KL25Z/utilities" -O0 -fno-common -g3 -Wall -c -fmessage-length=0 -fno-builtin -ffunction-sections -fdata-sections -fmerge-constants -fmacro-prefix-map="../board/"= -mcpu=cortex-m0plus -mthumb -D__REDLIB__ -fstack-usage -specs=redlib.specs -MMD -MP -MF"board/peripherals.d" -MT"board/peripherals.o" -MT"board/peripherals.d" -o "board/peripherals.o" "../board/peripherals.c"
Finished building: ../drivers/fsl_uart.c
Finished building: ../board/clock_config.c
 
 
Finished building: ../drivers/fsl_lpsci.c
Building file: ../board/pin_mux.c
 
Invoking: MCU C Compiler
Building file: ../CMSIS/system_MKL25Z4.c
Invoking: MCU C Compiler
arm-none-eabi-gcc -D__REDLIB__ -DCPU_MKL25Z128VLK4_cm0plus -DCPU_MKL25Z128VLK4 -DSDK_OS_BAREMETAL -DFSL_RTOS_BM -DSDK_DEBUGCONSOLE=1 -DCR_INTEGER_PRINTF -DPRINTF_FLOAT_ENABLE=0 -D__MCUXPRESSO -D__USE_CMSIS -DDEBUG -I"/home/anderson/setimo-semestre/micro/work/MOTOR_PASSOS_KL25Z/board" -I"/home/anderson/setimo-semestre/micro/work/MOTOR_PASSOS_KL25Z/source" -I"/home/anderson/setimo-semestre/micro/work/MOTOR_PASSOS_KL25Z" -I"/home/anderson/setimo-semestre/micro/work/MOTOR_PASSOS_KL25Z/startup" -I"/home/anderson/setimo-semestre/micro/work/MOTOR_PASSOS_KL25Z/CMSIS" -I"/home/anderson/setimo-semestre/micro/work/MOTOR_PASSOS_KL25Z/drivers" -I"/home/anderson/setimo-semestre/micro/work/MOTOR_PASSOS_KL25Z/utilities" -O0 -fno-common -g3 -Wall -c -fmessage-length=0 -fno-builtin -ffunction-sections -fdata-sections -fmerge-constants -fmacro-prefix-map="../CMSIS/"= -mcpu=cortex-m0plus -mthumb -D__REDLIB__ -fstack-usage -specs=redlib.specs -MMD -MP -MF"CMSIS/system_MKL25Z4.d" -MT"CMSIS/system_MKL25Z4.o" -MT"CMSIS/system_MKL25Z4.d" -o "CMSIS/system_MKL25Z4.o" "../CMSIS/system_MKL25Z4.c"
arm-none-eabi-gcc -D__REDLIB__ -DCPU_MKL25Z128VLK4_cm0plus -DCPU_MKL25Z128VLK4 -DSDK_OS_BAREMETAL -DFSL_RTOS_BM -DSDK_DEBUGCONSOLE=1 -DCR_INTEGER_PRINTF -DPRINTF_FLOAT_ENABLE=0 -D__MCUXPRESSO -D__USE_CMSIS -DDEBUG -I"/home/anderson/setimo-semestre/micro/work/MOTOR_PASSOS_KL25Z/board" -I"/home/anderson/setimo-semestre/micro/work/MOTOR_PASSOS_KL25Z/source" -I"/home/anderson/setimo-semestre/micro/work/MOTOR_PASSOS_KL25Z" -I"/home/anderson/setimo-semestre/micro/work/MOTOR_PASSOS_KL25Z/startup" -I"/home/anderson/setimo-semestre/micro/work/MOTOR_PASSOS_KL25Z/CMSIS" -I"/home/anderson/setimo-semestre/micro/work/MOTOR_PASSOS_KL25Z/drivers" -I"/home/anderson/setimo-semestre/micro/work/MOTOR_PASSOS_KL25Z/utilities" -O0 -fno-common -g3 -Wall -c -fmessage-length=0 -fno-builtin -ffunction-sections -fdata-sections -fmerge-constants -fmacro-prefix-map="../board/"= -mcpu=cortex-m0plus -mthumb -D__REDLIB__ -fstack-usage -specs=redlib.specs -MMD -MP -MF"board/pin_mux.d" -MT"board/pin_mux.o" -MT"board/pin_mux.d" -o "board/pin_mux.o" "../board/pin_mux.c"
Finished building: ../board/peripherals.c
 
Finished building: ../CMSIS/system_MKL25Z4.c
 
Finished building: ../board/pin_mux.c
 
Building target: MOTOR_PASSOS_KL25Z.axf
Invoking: MCU Linker
arm-none-eabi-gcc -nostdlib -Xlinker -Map="MOTOR_PASSOS_KL25Z.map" -Xlinker --gc-sections -Xlinker -print-memory-usage -Xlinker --sort-section=alignment -Xlinker --cref -mcpu=cortex-m0plus -mthumb -T MOTOR_PASSOS_KL25Z_Debug.ld -o "MOTOR_PASSOS_KL25Z.axf"  ./utilities/fsl_debug_console.o  ./startup/startup_mkl25z4.o  ./source/MOTOR_PASSOS_KL25Z.o ./source/mtb.o ./source/semihost_hardfault.o  ./drivers/fsl_clock.o ./drivers/fsl_common.o ./drivers/fsl_flash.o ./drivers/fsl_gpio.o ./drivers/fsl_lpsci.o ./drivers/fsl_smc.o ./drivers/fsl_uart.o  ./board/board.o ./board/clock_config.o ./board/peripherals.o ./board/pin_mux.o  ./CMSIS/system_MKL25Z4.o   
Memory region         Used Size  Region Size  %age Used
   PROGRAM_FLASH:        2784 B       128 KB      2.12%
            SRAM:        2384 B        16 KB     14.55%
Finished building target: MOTOR_PASSOS_KL25Z.axf
 
Performing post-build steps
arm-none-eabi-size "MOTOR_PASSOS_KL25Z.axf"; # arm-none-eabi-objcopy -v -O binary "MOTOR_PASSOS_KL25Z.axf" "MOTOR_PASSOS_KL25Z.bin" ; # checksum -p MKL25Z128xxx4 -d "MOTOR_PASSOS_KL25Z.bin";
   text	   data	    bss	    dec	    hex	filename
   2784	      0	   2384	   5168	   1430	MOTOR_PASSOS_KL25Z.axf
 
11:12:01 **** Incremental Build of configuration Debug for project MOTOR_PASSOS_KL25Z ****
make -r -j4 all 
make[1]: Nothing to be done for 'main-build'.
Performing post-build steps
arm-none-eabi-size "MOTOR_PASSOS_KL25Z.axf"; # arm-none-eabi-objcopy -v -O binary "MOTOR_PASSOS_KL25Z.axf" "MOTOR_PASSOS_KL25Z.bin" ; # checksum -p MKL25Z128xxx4 -d "MOTOR_PASSOS_KL25Z.bin";
   text	   data	    bss	    dec	    hex	filename
   2784	      0	   2384	   5168	   1430	MOTOR_PASSOS_KL25Z.axf
 
11:54:17 **** Build of configuration Debug for project MOTOR_PASSOS_KL25Z ****
make -r -j4 all 
Building file: ../source/MOTOR_PASSOS_KL25Z.c
Invoking: MCU C Compiler
arm-none-eabi-gcc -D__REDLIB__ -DCPU_MKL25Z128VLK4_cm0plus -DCPU_MKL25Z128VLK4 -DSDK_OS_BAREMETAL -DFSL_RTOS_BM -DSDK_DEBUGCONSOLE=1 -DCR_INTEGER_PRINTF -DPRINTF_FLOAT_ENABLE=0 -D__MCUXPRESSO -D__USE_CMSIS -DDEBUG -I"/home/anderson/setimo-semestre/micro/work/MOTOR_PASSOS_KL25Z/board" -I"/home/anderson/setimo-semestre/micro/work/MOTOR_PASSOS_KL25Z/source" -I"/home/anderson/setimo-semestre/micro/work/MOTOR_PASSOS_KL25Z" -I"/home/anderson/setimo-semestre/micro/work/MOTOR_PASSOS_KL25Z/startup" -I"/home/anderson/setimo-semestre/micro/work/MOTOR_PASSOS_KL25Z/CMSIS" -I"/home/anderson/setimo-semestre/micro/work/MOTOR_PASSOS_KL25Z/drivers" -I"/home/anderson/setimo-semestre/micro/work/MOTOR_PASSOS_KL25Z/utilities" -O0 -fno-common -g3 -Wall -c -fmessage-length=0 -fno-builtin -ffunction-sections -fdata-sections -fmerge-constants -fmacro-prefix-map="../source/"= -mcpu=cortex-m0plus -mthumb -D__REDLIB__ -fstack-usage -specs=redlib.specs -MMD -MP -MF"source/MOTOR_PASSOS_KL25Z.d" -MT"source/MOTOR_PASSOS_KL25Z.o" -MT"source/MOTOR_PASSOS_KL25Z.d" -o "source/MOTOR_PASSOS_KL25Z.o" "../source/MOTOR_PASSOS_KL25Z.c"
../source/MOTOR_PASSOS_KL25Z.c: In function 'InitTPMPWM':
../source/MOTOR_PASSOS_KL25Z.c:151:2: warning: "/*" within comment [-Wcomment]
  151 |  /* Desativar o PWM no modulo TPM2 canal 0 --> PTB2 */
      |   
Finished building: ../source/MOTOR_PASSOS_KL25Z.c
 
Building target: MOTOR_PASSOS_KL25Z.axf
Invoking: MCU Linker
arm-none-eabi-gcc -nostdlib -Xlinker -Map="MOTOR_PASSOS_KL25Z.map" -Xlinker --gc-sections -Xlinker -print-memory-usage -Xlinker --sort-section=alignment -Xlinker --cref -mcpu=cortex-m0plus -mthumb -T MOTOR_PASSOS_KL25Z_Debug.ld -o "MOTOR_PASSOS_KL25Z.axf"  ./utilities/fsl_debug_console.o  ./startup/startup_mkl25z4.o  ./source/MOTOR_PASSOS_KL25Z.o ./source/mtb.o ./source/semihost_hardfault.o  ./drivers/fsl_clock.o ./drivers/fsl_common.o ./drivers/fsl_flash.o ./drivers/fsl_gpio.o ./drivers/fsl_lpsci.o ./drivers/fsl_smc.o ./drivers/fsl_uart.o  ./board/board.o ./board/clock_config.o ./board/peripherals.o ./board/pin_mux.o  ./CMSIS/system_MKL25Z4.o   
Memory region         Used Size  Region Size  %age Used
   PROGRAM_FLASH:        2780 B       128 KB      2.12%
            SRAM:        2384 B        16 KB     14.55%
Finished building target: MOTOR_PASSOS_KL25Z.axf
 
Performing post-build steps
arm-none-eabi-size "MOTOR_PASSOS_KL25Z.axf"; # arm-none-eabi-objcopy -v -O binary "MOTOR_PASSOS_KL25Z.axf" "MOTOR_PASSOS_KL25Z.bin" ; # checksum -p MKL25Z128xxx4 -d "MOTOR_PASSOS_KL25Z.bin";
   text	   data	    bss	    dec	    hex	filename
   2780	      0	   2384	   5164	   142c	MOTOR_PASSOS_KL25Z.axf
 
11:54:20 **** Incremental Build of configuration Debug for project MOTOR_PASSOS_KL25Z ****
make -r -j4 all 
make[1]: Nothing to be done for 'main-build'.
Performing post-build steps
arm-none-eabi-size "MOTOR_PASSOS_KL25Z.axf"; # arm-none-eabi-objcopy -v -O binary "MOTOR_PASSOS_KL25Z.axf" "MOTOR_PASSOS_KL25Z.bin" ; # checksum -p MKL25Z128xxx4 -d "MOTOR_PASSOS_KL25Z.bin";
   text	   data	    bss	    dec	    hex	filename
   2780	      0	   2384	   5164	   142c	MOTOR_PASSOS_KL25Z.axf
 
12:08:44 **** Build of configuration Debug for project MOTOR_PASSOS_KL25Z ****
make -r -j4 all 
Building file: ../source/MOTOR_PASSOS_KL25Z.c
Invoking: MCU C Compiler
arm-none-eabi-gcc -D__REDLIB__ -DCPU_MKL25Z128VLK4_cm0plus -DCPU_MKL25Z128VLK4 -DSDK_OS_BAREMETAL -DFSL_RTOS_BM -DSDK_DEBUGCONSOLE=1 -DCR_INTEGER_PRINTF -DPRINTF_FLOAT_ENABLE=0 -D__MCUXPRESSO -D__USE_CMSIS -DDEBUG -I"/home/anderson/setimo-semestre/micro/work/MOTOR_PASSOS_KL25Z/board" -I"/home/anderson/setimo-semestre/micro/work/MOTOR_PASSOS_KL25Z/source" -I"/home/anderson/setimo-semestre/micro/work/MOTOR_PASSOS_KL25Z" -I"/home/anderson/setimo-semestre/micro/work/MOTOR_PASSOS_KL25Z/startup" -I"/home/anderson/setimo-semestre/micro/work/MOTOR_PASSOS_KL25Z/CMSIS" -I"/home/anderson/setimo-semestre/micro/work/MOTOR_PASSOS_KL25Z/drivers" -I"/home/anderson/setimo-semestre/micro/work/MOTOR_PASSOS_KL25Z/utilities" -O0 -fno-common -g3 -Wall -c -fmessage-length=0 -fno-builtin -ffunction-sections -fdata-sections -fmerge-constants -fmacro-prefix-map="../source/"= -mcpu=cortex-m0plus -mthumb -D__REDLIB__ -fstack-usage -specs=redlib.specs -MMD -MP -MF"source/MOTOR_PASSOS_KL25Z.d" -MT"source/MOTOR_PASSOS_KL25Z.o" -MT"source/MOTOR_PASSOS_KL25Z.d" -o "source/MOTOR_PASSOS_KL25Z.o" "../source/MOTOR_PASSOS_KL25Z.c"
../source/MOTOR_PASSOS_KL25Z.c: In function 'InitTPMPWM':
../source/MOTOR_PASSOS_KL25Z.c:151:2: warning: "/*" within comment [-Wcomment]
  151 |  /* Desativar o PWM no modulo TPM2 canal 0 --> PTB2 */
      |   
Finished building: ../source/MOTOR_PASSOS_KL25Z.c
 
Building target: MOTOR_PASSOS_KL25Z.axf
Invoking: MCU Linker
arm-none-eabi-gcc -nostdlib -Xlinker -Map="MOTOR_PASSOS_KL25Z.map" -Xlinker --gc-sections -Xlinker -print-memory-usage -Xlinker --sort-section=alignment -Xlinker --cref -mcpu=cortex-m0plus -mthumb -T MOTOR_PASSOS_KL25Z_Debug.ld -o "MOTOR_PASSOS_KL25Z.axf"  ./utilities/fsl_debug_console.o  ./startup/startup_mkl25z4.o  ./source/MOTOR_PASSOS_KL25Z.o ./source/mtb.o ./source/semihost_hardfault.o  ./drivers/fsl_clock.o ./drivers/fsl_common.o ./drivers/fsl_flash.o ./drivers/fsl_gpio.o ./drivers/fsl_lpsci.o ./drivers/fsl_smc.o ./drivers/fsl_uart.o  ./board/board.o ./board/clock_config.o ./board/peripherals.o ./board/pin_mux.o  ./CMSIS/system_MKL25Z4.o   
Memory region         Used Size  Region Size  %age Used
   PROGRAM_FLASH:        2788 B       128 KB      2.13%
            SRAM:        2384 B        16 KB     14.55%
Finished building target: MOTOR_PASSOS_KL25Z.axf
 
Performing post-build steps
arm-none-eabi-size "MOTOR_PASSOS_KL25Z.axf"; # arm-none-eabi-objcopy -v -O binary "MOTOR_PASSOS_KL25Z.axf" "MOTOR_PASSOS_KL25Z.bin" ; # checksum -p MKL25Z128xxx4 -d "MOTOR_PASSOS_KL25Z.bin";
   text	   data	    bss	    dec	    hex	filename
   2788	      0	   2384	   5172	   1434	MOTOR_PASSOS_KL25Z.axf
 
12:08:46 **** Incremental Build of configuration Debug for project MOTOR_PASSOS_KL25Z ****
make -r -j4 all 
make[1]: Nothing to be done for 'main-build'.
Performing post-build steps
arm-none-eabi-size "MOTOR_PASSOS_KL25Z.axf"; # arm-none-eabi-objcopy -v -O binary "MOTOR_PASSOS_KL25Z.axf" "MOTOR_PASSOS_KL25Z.bin" ; # checksum -p MKL25Z128xxx4 -d "MOTOR_PASSOS_KL25Z.bin";
   text	   data	    bss	    dec	    hex	filename
   2788	      0	   2384	   5172	   1434	MOTOR_PASSOS_KL25Z.axf
 
12:18:32 **** Build of configuration Debug for project MOTOR_PASSOS_KL25Z ****
make -r -j4 all 
Building file: ../source/MOTOR_PASSOS_KL25Z.c
Invoking: MCU C Compiler
arm-none-eabi-gcc -D__REDLIB__ -DCPU_MKL25Z128VLK4_cm0plus -DCPU_MKL25Z128VLK4 -DSDK_OS_BAREMETAL -DFSL_RTOS_BM -DSDK_DEBUGCONSOLE=1 -DCR_INTEGER_PRINTF -DPRINTF_FLOAT_ENABLE=0 -D__MCUXPRESSO -D__USE_CMSIS -DDEBUG -I"/home/anderson/setimo-semestre/micro/work/MOTOR_PASSOS_KL25Z/board" -I"/home/anderson/setimo-semestre/micro/work/MOTOR_PASSOS_KL25Z/source" -I"/home/anderson/setimo-semestre/micro/work/MOTOR_PASSOS_KL25Z" -I"/home/anderson/setimo-semestre/micro/work/MOTOR_PASSOS_KL25Z/startup" -I"/home/anderson/setimo-semestre/micro/work/MOTOR_PASSOS_KL25Z/CMSIS" -I"/home/anderson/setimo-semestre/micro/work/MOTOR_PASSOS_KL25Z/drivers" -I"/home/anderson/setimo-semestre/micro/work/MOTOR_PASSOS_KL25Z/utilities" -O0 -fno-common -g3 -Wall -c -fmessage-length=0 -fno-builtin -ffunction-sections -fdata-sections -fmerge-constants -fmacro-prefix-map="../source/"= -mcpu=cortex-m0plus -mthumb -D__REDLIB__ -fstack-usage -specs=redlib.specs -MMD -MP -MF"source/MOTOR_PASSOS_KL25Z.d" -MT"source/MOTOR_PASSOS_KL25Z.o" -MT"source/MOTOR_PASSOS_KL25Z.d" -o "source/MOTOR_PASSOS_KL25Z.o" "../source/MOTOR_PASSOS_KL25Z.c"
../source/MOTOR_PASSOS_KL25Z.c: In function 'InitTPMPWM':
../source/MOTOR_PASSOS_KL25Z.c:151:2: warning: "/*" within comment [-Wcomment]
  151 |  /* Desativar o PWM no modulo TPM2 canal 0 --> PTB2 */
      |   
Finished building: ../source/MOTOR_PASSOS_KL25Z.c
 
Building target: MOTOR_PASSOS_KL25Z.axf
Invoking: MCU Linker
arm-none-eabi-gcc -nostdlib -Xlinker -Map="MOTOR_PASSOS_KL25Z.map" -Xlinker --gc-sections -Xlinker -print-memory-usage -Xlinker --sort-section=alignment -Xlinker --cref -mcpu=cortex-m0plus -mthumb -T MOTOR_PASSOS_KL25Z_Debug.ld -o "MOTOR_PASSOS_KL25Z.axf"  ./utilities/fsl_debug_console.o  ./startup/startup_mkl25z4.o  ./source/MOTOR_PASSOS_KL25Z.o ./source/mtb.o ./source/semihost_hardfault.o  ./drivers/fsl_clock.o ./drivers/fsl_common.o ./drivers/fsl_flash.o ./drivers/fsl_gpio.o ./drivers/fsl_lpsci.o ./drivers/fsl_smc.o ./drivers/fsl_uart.o  ./board/board.o ./board/clock_config.o ./board/peripherals.o ./board/pin_mux.o  ./CMSIS/system_MKL25Z4.o   
Memory region         Used Size  Region Size  %age Used
   PROGRAM_FLASH:        2824 B       128 KB      2.15%
            SRAM:        2384 B        16 KB     14.55%
Finished building target: MOTOR_PASSOS_KL25Z.axf
 
Performing post-build steps
arm-none-eabi-size "MOTOR_PASSOS_KL25Z.axf"; # arm-none-eabi-objcopy -v -O binary "MOTOR_PASSOS_KL25Z.axf" "MOTOR_PASSOS_KL25Z.bin" ; # checksum -p MKL25Z128xxx4 -d "MOTOR_PASSOS_KL25Z.bin";
   text	   data	    bss	    dec	    hex	filename
   2824	      0	   2384	   5208	   1458	MOTOR_PASSOS_KL25Z.axf
 
12:18:35 **** Incremental Build of configuration Debug for project MOTOR_PASSOS_KL25Z ****
make -r -j4 all 
make[1]: Nothing to be done for 'main-build'.
Performing post-build steps
arm-none-eabi-size "MOTOR_PASSOS_KL25Z.axf"; # arm-none-eabi-objcopy -v -O binary "MOTOR_PASSOS_KL25Z.axf" "MOTOR_PASSOS_KL25Z.bin" ; # checksum -p MKL25Z128xxx4 -d "MOTOR_PASSOS_KL25Z.bin";
   text	   data	    bss	    dec	    hex	filename
   2824	      0	   2384	   5208	   1458	MOTOR_PASSOS_KL25Z.axf
 
12:29:24 **** Build of configuration Debug for project MOTOR_PASSOS_KL25Z ****
make -r -j4 all 
Building file: ../source/MOTOR_PASSOS_KL25Z.c
Invoking: MCU C Compiler
[...]
Memory region         Used Size  Region Size  %age Used
   PROGRAM_FLASH:          3 KB       128 KB      2.34%
            SRAM:        2384 B        16 KB     14.55%
Finished building target: TPM_2.axf
 
Performing post-build steps
arm-none-eabi-size "TPM_2.axf"; # arm-none-eabi-objcopy -v -O binary "TPM_2.axf" "TPM_2.bin" ; # checksum -p MKL25Z128xxx4 -d "TPM_2.bin";
   text	   data	    bss	    dec	    hex	filename
   3072	      0	   2384	   5456	   1550	TPM_2.axf
 
16:19:08 **** Incremental Build of configuration Debug for project TPM_2 ****
make -r -j4 all 
make[1]: Nothing to be done for 'main-build'.
Performing post-build steps
arm-none-eabi-size "TPM_2.axf"; # arm-none-eabi-objcopy -v -O binary "TPM_2.axf" "TPM_2.bin" ; # checksum -p MKL25Z128xxx4 -d "TPM_2.bin";
   text	   data	    bss	    dec	    hex	filename
   3072	      0	   2384	   5456	   1550	TPM_2.axf
 
16:21:40 **** Build of configuration Debug for project TPM_2 ****
make -r -j4 all 
Building file: ../source/TPM_2.c
Invoking: MCU C Compiler
arm-none-eabi-gcc -DCPU_MKL25Z128VLK4_cm0plus -DCPU_MKL25Z128VLK4 -DSDK_OS_BAREMETAL -DFSL_RTOS_BM -DSDK_DEBUGCONSOLE=1 -DCR_INTEGER_PRINTF -DPRINTF_FLOAT_ENABLE=0 -D__MCUXPRESSO -D__USE_CMSIS -DDEBUG -D__REDLIB__ -I"/home/anderson/setimo-semestre/micro/work/TPM_2/board" -I"/home/anderson/setimo-semestre/micro/work/TPM_2/source" -I"/home/anderson/setimo-semestre/micro/work/TPM_2" -I"/home/anderson/setimo-semestre/micro/work/TPM_2/startup" -I"/home/anderson/setimo-semestre/micro/work/TPM_2/CMSIS" -I"/home/anderson/setimo-semestre/micro/work/TPM_2/drivers" -I"/home/anderson/setimo-semestre/micro/work/TPM_2/utilities" -O0 -fno-common -g3 -Wall -c -fmessage-length=0 -fno-builtin -ffunction-sections -fdata-sections -fmerge-constants -fmacro-prefix-map="../source/"= -mcpu=cortex-m0plus -mthumb -D__REDLIB__ -fstack-usage -specs=redlib.specs -MMD -MP -MF"source/TPM_2.d" -MT"source/TPM_2.o" -MT"source/TPM_2.d" -o "source/TPM_2.o" "../source/TPM_2.c"
Finished building: ../source/TPM_2.c
 
Building target: TPM_2.axf
Invoking: MCU Linker
arm-none-eabi-gcc -nostdlib -Xlinker -Map="TPM_2.map" -Xlinker --gc-sections -Xlinker -print-memory-usage -Xlinker --sort-section=alignment -Xlinker --cref -mcpu=cortex-m0plus -mthumb -T TPM_2_Debug.ld -o "TPM_2.axf"  ./utilities/fsl_debug_console.o  ./startup/startup_mkl25z4.o  ./source/TPM_2.o ./source/mtb.o ./source/semihost_hardfault.o  ./drivers/fsl_clock.o ./drivers/fsl_common.o ./drivers/fsl_flash.o ./drivers/fsl_gpio.o ./drivers/fsl_lpsci.o ./drivers/fsl_smc.o ./drivers/fsl_tpm.o ./drivers/fsl_uart.o  ./board/board.o ./board/clock_config.o ./board/peripherals.o ./board/pin_mux.o  ./CMSIS/system_MKL25Z4.o   
Memory region         Used Size  Region Size  %age Used
   PROGRAM_FLASH:        3068 B       128 KB      2.34%
            SRAM:        2384 B        16 KB     14.55%
Finished building target: TPM_2.axf
 
Performing post-build steps
arm-none-eabi-size "TPM_2.axf"; # arm-none-eabi-objcopy -v -O binary "TPM_2.axf" "TPM_2.bin" ; # checksum -p MKL25Z128xxx4 -d "TPM_2.bin";
   text	   data	    bss	    dec	    hex	filename
   3068	      0	   2384	   5452	   154c	TPM_2.axf
 
16:21:42 **** Incremental Build of configuration Debug for project TPM_2 ****
make -r -j4 all 
make[1]: Nothing to be done for 'main-build'.
Performing post-build steps
arm-none-eabi-size "TPM_2.axf"; # arm-none-eabi-objcopy -v -O binary "TPM_2.axf" "TPM_2.bin" ; # checksum -p MKL25Z128xxx4 -d "TPM_2.bin";
   text	   data	    bss	    dec	    hex	filename
   3068	      0	   2384	   5452	   154c	TPM_2.axf
 
16:23:28 **** Build of configuration Debug for project TPM_2 ****
make -r -j4 all 
Building file: ../source/TPM_2.c
Invoking: MCU C Compiler
arm-none-eabi-gcc -DCPU_MKL25Z128VLK4_cm0plus -DCPU_MKL25Z128VLK4 -DSDK_OS_BAREMETAL -DFSL_RTOS_BM -DSDK_DEBUGCONSOLE=1 -DCR_INTEGER_PRINTF -DPRINTF_FLOAT_ENABLE=0 -D__MCUXPRESSO -D__USE_CMSIS -DDEBUG -D__REDLIB__ -I"/home/anderson/setimo-semestre/micro/work/TPM_2/board" -I"/home/anderson/setimo-semestre/micro/work/TPM_2/source" -I"/home/anderson/setimo-semestre/micro/work/TPM_2" -I"/home/anderson/setimo-semestre/micro/work/TPM_2/startup" -I"/home/anderson/setimo-semestre/micro/work/TPM_2/CMSIS" -I"/home/anderson/setimo-semestre/micro/work/TPM_2/drivers" -I"/home/anderson/setimo-semestre/micro/work/TPM_2/utilities" -O0 -fno-common -g3 -Wall -c -fmessage-length=0 -fno-builtin -ffunction-sections -fdata-sections -fmerge-constants -fmacro-prefix-map="../source/"= -mcpu=cortex-m0plus -mthumb -D__REDLIB__ -fstack-usage -specs=redlib.specs -MMD -MP -MF"source/TPM_2.d" -MT"source/TPM_2.o" -MT"source/TPM_2.d" -o "source/TPM_2.o" "../source/TPM_2.c"
Finished building: ../source/TPM_2.c
 
Building target: TPM_2.axf
Invoking: MCU Linker
arm-none-eabi-gcc -nostdlib -Xlinker -Map="TPM_2.map" -Xlinker --gc-sections -Xlinker -print-memory-usage -Xlinker --sort-section=alignment -Xlinker --cref -mcpu=cortex-m0plus -mthumb -T TPM_2_Debug.ld -o "TPM_2.axf"  ./utilities/fsl_debug_console.o  ./startup/startup_mkl25z4.o  ./source/TPM_2.o ./source/mtb.o ./source/semihost_hardfault.o  ./drivers/fsl_clock.o ./drivers/fsl_common.o ./drivers/fsl_flash.o ./drivers/fsl_gpio.o ./drivers/fsl_lpsci.o ./drivers/fsl_smc.o ./drivers/fsl_tpm.o ./drivers/fsl_uart.o  ./board/board.o ./board/clock_config.o ./board/peripherals.o ./board/pin_mux.o  ./CMSIS/system_MKL25Z4.o   
Memory region         Used Size  Region Size  %age Used
   PROGRAM_FLASH:        3004 B       128 KB      2.29%
            SRAM:        2384 B        16 KB     14.55%
Finished building target: TPM_2.axf
 
Performing post-build steps
arm-none-eabi-size "TPM_2.axf"; # arm-none-eabi-objcopy -v -O binary "TPM_2.axf" "TPM_2.bin" ; # checksum -p MKL25Z128xxx4 -d "TPM_2.bin";
   text	   data	    bss	    dec	    hex	filename
   3004	      0	   2384	   5388	   150c	TPM_2.axf
 
16:23:30 **** Incremental Build of configuration Debug for project TPM_2 ****
make -r -j4 all 
make[1]: Nothing to be done for 'main-build'.
Performing post-build steps
arm-none-eabi-size "TPM_2.axf"; # arm-none-eabi-objcopy -v -O binary "TPM_2.axf" "TPM_2.bin" ; # checksum -p MKL25Z128xxx4 -d "TPM_2.bin";
   text	   data	    bss	    dec	    hex	filename
   3004	      0	   2384	   5388	   150c	TPM_2.axf
 
16:33:03 **** Build of configuration Debug for project TPM_2 ****
make -r -j4 all 
Building file: ../source/TPM_2.c
Invoking: MCU C Compiler
arm-none-eabi-gcc -DCPU_MKL25Z128VLK4_cm0plus -DCPU_MKL25Z128VLK4 -DSDK_OS_BAREMETAL -DFSL_RTOS_BM -DSDK_DEBUGCONSOLE=1 -DCR_INTEGER_PRINTF -DPRINTF_FLOAT_ENABLE=0 -D__MCUXPRESSO -D__USE_CMSIS -DDEBUG -D__REDLIB__ -I"/home/anderson/setimo-semestre/micro/work/TPM_2/board" -I"/home/anderson/setimo-semestre/micro/work/TPM_2/source" -I"/home/anderson/setimo-semestre/micro/work/TPM_2" -I"/home/anderson/setimo-semestre/micro/work/TPM_2/startup" -I"/home/anderson/setimo-semestre/micro/work/TPM_2/CMSIS" -I"/home/anderson/setimo-semestre/micro/work/TPM_2/drivers" -I"/home/anderson/setimo-semestre/micro/work/TPM_2/utilities" -O0 -fno-common -g3 -Wall -c -fmessage-length=0 -fno-builtin -ffunction-sections -fdata-sections -fmerge-constants -fmacro-prefix-map="../source/"= -mcpu=cortex-m0plus -mthumb -D__REDLIB__ -fstack-usage -specs=redlib.specs -MMD -MP -MF"source/TPM_2.d" -MT"source/TPM_2.o" -MT"source/TPM_2.d" -o "source/TPM_2.o" "../source/TPM_2.c"
Finished building: ../source/TPM_2.c
 
Building target: TPM_2.axf
Invoking: MCU Linker
arm-none-eabi-gcc -nostdlib -Xlinker -Map="TPM_2.map" -Xlinker --gc-sections -Xlinker -print-memory-usage -Xlinker --sort-section=alignment -Xlinker --cref -mcpu=cortex-m0plus -mthumb -T TPM_2_Debug.ld -o "TPM_2.axf"  ./utilities/fsl_debug_console.o  ./startup/startup_mkl25z4.o  ./source/TPM_2.o ./source/mtb.o ./source/semihost_hardfault.o  ./drivers/fsl_clock.o ./drivers/fsl_common.o ./drivers/fsl_flash.o ./drivers/fsl_gpio.o ./drivers/fsl_lpsci.o ./drivers/fsl_smc.o ./drivers/fsl_tpm.o ./drivers/fsl_uart.o  ./board/board.o ./board/clock_config.o ./board/peripherals.o ./board/pin_mux.o  ./CMSIS/system_MKL25Z4.o   
Memory region         Used Size  Region Size  %age Used
   PROGRAM_FLASH:        3080 B       128 KB      2.35%
            SRAM:        2384 B        16 KB     14.55%
Finished building target: TPM_2.axf
 
Performing post-build steps
arm-none-eabi-size "TPM_2.axf"; # arm-none-eabi-objcopy -v -O binary "TPM_2.axf" "TPM_2.bin" ; # checksum -p MKL25Z128xxx4 -d "TPM_2.bin";
   text	   data	    bss	    dec	    hex	filename
   3080	      0	   2384	   5464	   1558	TPM_2.axf
 
16:33:04 **** Incremental Build of configuration Debug for project TPM_2 ****
make -r -j4 all 
make[1]: Nothing to be done for 'main-build'.
Performing post-build steps
arm-none-eabi-size "TPM_2.axf"; # arm-none-eabi-objcopy -v -O binary "TPM_2.axf" "TPM_2.bin" ; # checksum -p MKL25Z128xxx4 -d "TPM_2.bin";
   text	   data	    bss	    dec	    hex	filename
   3080	      0	   2384	   5464	   1558	TPM_2.axf
 
16:35:58 **** Build of configuration Debug for project TPM_2 ****
make -r -j4 all 
Building file: ../source/TPM_2.c
Invoking: MCU C Compiler
arm-none-eabi-gcc -DCPU_MKL25Z128VLK4_cm0plus -DCPU_MKL25Z128VLK4 -DSDK_OS_BAREMETAL -DFSL_RTOS_BM -DSDK_DEBUGCONSOLE=1 -DCR_INTEGER_PRINTF -DPRINTF_FLOAT_ENABLE=0 -D__MCUXPRESSO -D__USE_CMSIS -DDEBUG -D__REDLIB__ -I"/home/anderson/setimo-semestre/micro/work/TPM_2/board" -I"/home/anderson/setimo-semestre/micro/work/TPM_2/source" -I"/home/anderson/setimo-semestre/micro/work/TPM_2" -I"/home/anderson/setimo-semestre/micro/work/TPM_2/startup" -I"/home/anderson/setimo-semestre/micro/work/TPM_2/CMSIS" -I"/home/anderson/setimo-semestre/micro/work/TPM_2/drivers" -I"/home/anderson/setimo-semestre/micro/work/TPM_2/utilities" -O0 -fno-common -g3 -Wall -c -fmessage-length=0 -fno-builtin -ffunction-sections -fdata-sections -fmerge-constants -fmacro-prefix-map="../source/"= -mcpu=cortex-m0plus -mthumb -D__REDLIB__ -fstack-usage -specs=redlib.specs -MMD -MP -MF"source/TPM_2.d" -MT"source/TPM_2.o" -MT"source/TPM_2.d" -o "source/TPM_2.o" "../source/TPM_2.c"
Finished building: ../source/TPM_2.c
 
Building target: TPM_2.axf
Invoking: MCU Linker
arm-none-eabi-gcc -nostdlib -Xlinker -Map="TPM_2.map" -Xlinker --gc-sections -Xlinker -print-memory-usage -Xlinker --sort-section=alignment -Xlinker --cref -mcpu=cortex-m0plus -mthumb -T TPM_2_Debug.ld -o "TPM_2.axf"  ./utilities/fsl_debug_console.o  ./startup/startup_mkl25z4.o  ./source/TPM_2.o ./source/mtb.o ./source/semihost_hardfault.o  ./drivers/fsl_clock.o ./drivers/fsl_common.o ./drivers/fsl_flash.o ./drivers/fsl_gpio.o ./drivers/fsl_lpsci.o ./drivers/fsl_smc.o ./drivers/fsl_tpm.o ./drivers/fsl_uart.o  ./board/board.o ./board/clock_config.o ./board/peripherals.o ./board/pin_mux.o  ./CMSIS/system_MKL25Z4.o   
Memory region         Used Size  Region Size  %age Used
   PROGRAM_FLASH:        3036 B       128 KB      2.32%
            SRAM:        2384 B        16 KB     14.55%
Finished building target: TPM_2.axf
 
Performing post-build steps
arm-none-eabi-size "TPM_2.axf"; # arm-none-eabi-objcopy -v -O binary "TPM_2.axf" "TPM_2.bin" ; # checksum -p MKL25Z128xxx4 -d "TPM_2.bin";
   text	   data	    bss	    dec	    hex	filename
   3036	      0	   2384	   5420	   152c	TPM_2.axf
 
16:36:00 **** Incremental Build of configuration Debug for project TPM_2 ****
make -r -j4 all 
make[1]: Nothing to be done for 'main-build'.
Performing post-build steps
arm-none-eabi-size "TPM_2.axf"; # arm-none-eabi-objcopy -v -O binary "TPM_2.axf" "TPM_2.bin" ; # checksum -p MKL25Z128xxx4 -d "TPM_2.bin";
   text	   data	    bss	    dec	    hex	filename
   3036	      0	   2384	   5420	   152c	TPM_2.axf
 
16:36:56 **** Build of configuration Debug for project TPM_2 ****
make -r -j4 all 
Building file: ../source/TPM_2.c
Invoking: MCU C Compiler
arm-none-eabi-gcc -DCPU_MKL25Z128VLK4_cm0plus -DCPU_MKL25Z128VLK4 -DSDK_OS_BAREMETAL -DFSL_RTOS_BM -DSDK_DEBUGCONSOLE=1 -DCR_INTEGER_PRINTF -DPRINTF_FLOAT_ENABLE=0 -D__MCUXPRESSO -D__USE_CMSIS -DDEBUG -D__REDLIB__ -I"/home/anderson/setimo-semestre/micro/work/TPM_2/board" -I"/home/anderson/setimo-semestre/micro/work/TPM_2/source" -I"/home/anderson/setimo-semestre/micro/work/TPM_2" -I"/home/anderson/setimo-semestre/micro/work/TPM_2/startup" -I"/home/anderson/setimo-semestre/micro/work/TPM_2/CMSIS" -I"/home/anderson/setimo-semestre/micro/work/TPM_2/drivers" -I"/home/anderson/setimo-semestre/micro/work/TPM_2/utilities" -O0 -fno-common -g3 -Wall -c -fmessage-length=0 -fno-builtin -ffunction-sections -fdata-sections -fmerge-constants -fmacro-prefix-map="../source/"= -mcpu=cortex-m0plus -mthumb -D__REDLIB__ -fstack-usage -specs=redlib.specs -MMD -MP -MF"source/TPM_2.d" -MT"source/TPM_2.o" -MT"source/TPM_2.d" -o "source/TPM_2.o" "../source/TPM_2.c"
Finished building: ../source/TPM_2.c
 
Building target: TPM_2.axf
Invoking: MCU Linker
arm-none-eabi-gcc -nostdlib -Xlinker -Map="TPM_2.map" -Xlinker --gc-sections -Xlinker -print-memory-usage -Xlinker --sort-section=alignment -Xlinker --cref -mcpu=cortex-m0plus -mthumb -T TPM_2_Debug.ld -o "TPM_2.axf"  ./utilities/fsl_debug_console.o  ./startup/startup_mkl25z4.o  ./source/TPM_2.o ./source/mtb.o ./source/semihost_hardfault.o  ./drivers/fsl_clock.o ./drivers/fsl_common.o ./drivers/fsl_flash.o ./drivers/fsl_gpio.o ./drivers/fsl_lpsci.o ./drivers/fsl_smc.o ./drivers/fsl_tpm.o ./drivers/fsl_uart.o  ./board/board.o ./board/clock_config.o ./board/peripherals.o ./board/pin_mux.o  ./CMSIS/system_MKL25Z4.o   
Memory region         Used Size  Region Size  %age Used
   PROGRAM_FLASH:        3012 B       128 KB      2.30%
            SRAM:        2384 B        16 KB     14.55%
Finished building target: TPM_2.axf
 
Performing post-build steps
arm-none-eabi-size "TPM_2.axf"; # arm-none-eabi-objcopy -v -O binary "TPM_2.axf" "TPM_2.bin" ; # checksum -p MKL25Z128xxx4 -d "TPM_2.bin";
   text	   data	    bss	    dec	    hex	filename
   3012	      0	   2384	   5396	   1514	TPM_2.axf
 
16:36:57 **** Incremental Build of configuration Debug for project TPM_2 ****
make -r -j4 all 
make[1]: Nothing to be done for 'main-build'.
Performing post-build steps
arm-none-eabi-size "TPM_2.axf"; # arm-none-eabi-objcopy -v -O binary "TPM_2.axf" "TPM_2.bin" ; # checksum -p MKL25Z128xxx4 -d "TPM_2.bin";
   text	   data	    bss	    dec	    hex	filename
   3012	      0	   2384	   5396	   1514	TPM_2.axf
 
16:41:10 **** Build of configuration Debug for project TPM_2 ****
make -r -j4 all 
Building file: ../source/TPM_2.c
Invoking: MCU C Compiler
arm-none-eabi-gcc -DCPU_MKL25Z128VLK4_cm0plus -DCPU_MKL25Z128VLK4 -DSDK_OS_BAREMETAL -DFSL_RTOS_BM -DSDK_DEBUGCONSOLE=1 -DCR_INTEGER_PRINTF -DPRINTF_FLOAT_ENABLE=0 -D__MCUXPRESSO -D__USE_CMSIS -DDEBUG -D__REDLIB__ -I"/home/anderson/setimo-semestre/micro/work/TPM_2/board" -I"/home/anderson/setimo-semestre/micro/work/TPM_2/source" -I"/home/anderson/setimo-semestre/micro/work/TPM_2" -I"/home/anderson/setimo-semestre/micro/work/TPM_2/startup" -I"/home/anderson/setimo-semestre/micro/work/TPM_2/CMSIS" -I"/home/anderson/setimo-semestre/micro/work/TPM_2/drivers" -I"/home/anderson/setimo-semestre/micro/work/TPM_2/utilities" -O0 -fno-common -g3 -Wall -c -fmessage-length=0 -fno-builtin -ffunction-sections -fdata-sections -fmerge-constants -fmacro-prefix-map="../source/"= -mcpu=cortex-m0plus -mthumb -D__REDLIB__ -fstack-usage -specs=redlib.specs -MMD -MP -MF"source/TPM_2.d" -MT"source/TPM_2.o" -MT"source/TPM_2.d" -o "source/TPM_2.o" "../source/TPM_2.c"
Finished building: ../source/TPM_2.c
 
Building target: TPM_2.axf
Invoking: MCU Linker
arm-none-eabi-gcc -nostdlib -Xlinker -Map="TPM_2.map" -Xlinker --gc-sections -Xlinker -print-memory-usage -Xlinker --sort-section=alignment -Xlinker --cref -mcpu=cortex-m0plus -mthumb -T TPM_2_Debug.ld -o "TPM_2.axf"  ./utilities/fsl_debug_console.o  ./startup/startup_mkl25z4.o  ./source/TPM_2.o ./source/mtb.o ./source/semihost_hardfault.o  ./drivers/fsl_clock.o ./drivers/fsl_common.o ./drivers/fsl_flash.o ./drivers/fsl_gpio.o ./drivers/fsl_lpsci.o ./drivers/fsl_smc.o ./drivers/fsl_tpm.o ./drivers/fsl_uart.o  ./board/board.o ./board/clock_config.o ./board/peripherals.o ./board/pin_mux.o  ./CMSIS/system_MKL25Z4.o   
Memory region         Used Size  Region Size  %age Used
   PROGRAM_FLASH:        3012 B       128 KB      2.30%
            SRAM:        2384 B        16 KB     14.55%
Finished building target: TPM_2.axf
 
Performing post-build steps
arm-none-eabi-size "TPM_2.axf"; # arm-none-eabi-objcopy -v -O binary "TPM_2.axf" "TPM_2.bin" ; # checksum -p MKL25Z128xxx4 -d "TPM_2.bin";
   text	   data	    bss	    dec	    hex	filename
   3012	      0	   2384	   5396	   1514	TPM_2.axf
 
16:41:11 **** Incremental Build of configuration Debug for project TPM_2 ****
make -r -j4 all 
make[1]: Nothing to be done for 'main-build'.
Performing post-build steps
arm-none-eabi-size "TPM_2.axf"; # arm-none-eabi-objcopy -v -O binary "TPM_2.axf" "TPM_2.bin" ; # checksum -p MKL25Z128xxx4 -d "TPM_2.bin";
   text	   data	    bss	    dec	    hex	filename
   3012	      0	   2384	   5396	   1514	TPM_2.axf
 
16:44:53 **** Build of configuration Debug for project TPM_2 ****
make -r -j4 all 
Building file: ../source/TPM_2.c
Invoking: MCU C Compiler
arm-none-eabi-gcc -DCPU_MKL25Z128VLK4_cm0plus -DCPU_MKL25Z128VLK4 -DSDK_OS_BAREMETAL -DFSL_RTOS_BM -DSDK_DEBUGCONSOLE=1 -DCR_INTEGER_PRINTF -DPRINTF_FLOAT_ENABLE=0 -D__MCUXPRESSO -D__USE_CMSIS -DDEBUG -D__REDLIB__ -I"/home/anderson/setimo-semestre/micro/work/TPM_2/board" -I"/home/anderson/setimo-semestre/micro/work/TPM_2/source" -I"/home/anderson/setimo-semestre/micro/work/TPM_2" -I"/home/anderson/setimo-semestre/micro/work/TPM_2/startup" -I"/home/anderson/setimo-semestre/micro/work/TPM_2/CMSIS" -I"/home/anderson/setimo-semestre/micro/work/TPM_2/drivers" -I"/home/anderson/setimo-semestre/micro/work/TPM_2/utilities" -O0 -fno-common -g3 -Wall -c -fmessage-length=0 -fno-builtin -ffunction-sections -fdata-sections -fmerge-constants -fmacro-prefix-map="../source/"= -mcpu=cortex-m0plus -mthumb -D__REDLIB__ -fstack-usage -specs=redlib.specs -MMD -MP -MF"source/TPM_2.d" -MT"source/TPM_2.o" -MT"source/TPM_2.d" -o "source/TPM_2.o" "../source/TPM_2.c"
Finished building: ../source/TPM_2.c
 
Building target: TPM_2.axf
Invoking: MCU Linker
arm-none-eabi-gcc -nostdlib -Xlinker -Map="TPM_2.map" -Xlinker --gc-sections -Xlinker -print-memory-usage -Xlinker --sort-section=alignment -Xlinker --cref -mcpu=cortex-m0plus -mthumb -T TPM_2_Debug.ld -o "TPM_2.axf"  ./utilities/fsl_debug_console.o  ./startup/startup_mkl25z4.o  ./source/TPM_2.o ./source/mtb.o ./source/semihost_hardfault.o  ./drivers/fsl_clock.o ./drivers/fsl_common.o ./drivers/fsl_flash.o ./drivers/fsl_gpio.o ./drivers/fsl_lpsci.o ./drivers/fsl_smc.o ./drivers/fsl_tpm.o ./drivers/fsl_uart.o  ./board/board.o ./board/clock_config.o ./board/peripherals.o ./board/pin_mux.o  ./CMSIS/system_MKL25Z4.o   
Memory region         Used Size  Region Size  %age Used
   PROGRAM_FLASH:          3 KB       128 KB      2.34%
            SRAM:        2384 B        16 KB     14.55%
Finished building target: TPM_2.axf
 
Performing post-build steps
arm-none-eabi-size "TPM_2.axf"; # arm-none-eabi-objcopy -v -O binary "TPM_2.axf" "TPM_2.bin" ; # checksum -p MKL25Z128xxx4 -d "TPM_2.bin";
   text	   data	    bss	    dec	    hex	filename
   3072	      0	   2384	   5456	   1550	TPM_2.axf
 
16:44:55 **** Incremental Build of configuration Debug for project TPM_2 ****
make -r -j4 all 
make[1]: Nothing to be done for 'main-build'.
Performing post-build steps
arm-none-eabi-size "TPM_2.axf"; # arm-none-eabi-objcopy -v -O binary "TPM_2.axf" "TPM_2.bin" ; # checksum -p MKL25Z128xxx4 -d "TPM_2.bin";
   text	   data	    bss	    dec	    hex	filename
   3072	      0	   2384	   5456	   1550	TPM_2.axf
 
